#
# A fatal error has been detected by the Java Runtime Environment:
#
#  EXCEPTION_ACCESS_VIOLATION (0xc0000005) at pc=0x00007ff9db59e0a9, pid=18964, tid=11680
#
# JRE version: OpenJDK Runtime Environment Microsoft-8035246 (17.0.8+7) (build 17.0.8+7-LTS)
# Java VM: OpenJDK 64-Bit Server VM Microsoft-8035246 (17.0.8+7-LTS, mixed mode, sharing, tiered, compressed oops, compressed class ptrs, g1 gc, windows-amd64)
# Problematic frame:
# V  [jvm.dll+0x2be0a9]
#
# No core dump will be written. Minidumps are not enabled by default on client versions of Windows
#
# If you would like to submit a bug report, please visit:
#   https://github.com/microsoft/openjdk/issues
#

---------------  S U M M A R Y ------------

Command Line: -XX:MaxMetaspaceSize=512m --add-opens=java.base/java.util=ALL-UNNAMED --add-opens=java.base/java.lang=ALL-UNNAMED --add-opens=java.base/java.lang.invoke=ALL-UNNAMED --add-opens=java.prefs/java.util.prefs=ALL-UNNAMED --add-opens=java.base/java.nio.charset=ALL-UNNAMED --add-opens=java.base/java.net=ALL-UNNAMED --add-opens=java.base/java.util.concurrent.atomic=ALL-UNNAMED -Xmx2048m -Dfile.encoding=windows-1252 -Duser.country=US -Duser.language=en -Duser.variant -javaagent:C:\Users\pc\.gradle\wrapper\dists\gradle-8.8-all\6gdy1pgp427xkqcjbxw3ylt6h\gradle-8.8\lib\agents\gradle-instrumentation-agent-8.8.jar org.gradle.launcher.daemon.bootstrap.GradleDaemon 8.8

Host: Intel(R) Core(TM) i5-6600 CPU @ 3.30GHz, 4 cores, 15G,  Windows 10 , 64 bit Build 19041 (10.0.19041.4957)
Time: Thu Oct 24 13:49:00 2024 Pakistan Standard Time elapsed time: 31.354302 seconds (0d 0h 0m 31s)

---------------  T H R E A D  ---------------

Current thread (0x000002c347b5e5e0):  JavaThread "C2 CompilerThread0" daemon [_thread_in_native, id=11680, stack(0x000000d52f500000,0x000000d52f600000)]


Current CompileTask:
C2:  31354 12283       4       org.gradle.cache.internal.ExclusiveCacheAccessingWorker$1::call (10 bytes)

Stack: [0x000000d52f500000,0x000000d52f600000],  sp=0x000000d52f5fb3b0,  free space=1004k
Native frames: (J=compiled Java code, j=interpreted, Vv=VM code, C=native code)
V  [jvm.dll+0x2be0a9]
V  [jvm.dll+0x21ba8b]
V  [jvm.dll+0x21944b]
V  [jvm.dll+0x1a56b6]
V  [jvm.dll+0x2291ea]
V  [jvm.dll+0x22724c]
V  [jvm.dll+0x7efd0c]
V  [jvm.dll+0x7ea13a]
V  [jvm.dll+0x67ad85]
C  [ucrtbase.dll+0x21bb2]
C  [KERNEL32.DLL+0x17374]
C  [ntdll.dll+0x4cc91]


siginfo: EXCEPTION_ACCESS_VIOLATION (0xc0000005), reading address 0x0000000000000028


Register to memory mapping:

RIP=0x00007ff9db59e0a9 jvm.dll
RAX=0x000002c36c012790 points into unknown readable memory: 0x0000000000000000 | 00 00 00 00 00 00 00 00
RBX=0x000000000000180d is an unknown value
RCX=0x0 is NULL
RDX=0x0 is NULL
RSP=0x000000d52f5fb3b0 is pointing into the stack for thread: 0x000002c347b5e5e0
RBP=0x000000d52f5fb420 is pointing into the stack for thread: 0x000002c347b5e5e0
RSI=0x0 is NULL
RDI=0x0000000000000048 is an unknown value
R8 =0x000000000000ffe0 is an unknown value
R9 =0x0 is NULL
R10=0x00007ffa1bb60000 VCRUNTIME140.dll
R11=0x000002c36c0127b0 points into unknown readable memory: 0x0000000000000000 | 00 00 00 00 00 00 00 00
R12=0x0000000000000050 is an unknown value
R13=0x0 is NULL
R14=0x0 is NULL
R15=0x000000d52f5fe5d0 is pointing into the stack for thread: 0x000002c347b5e5e0


Registers:
RAX=0x000002c36c012790, RBX=0x000000000000180d, RCX=0x0000000000000000, RDX=0x0000000000000000
RSP=0x000000d52f5fb3b0, RBP=0x000000d52f5fb420, RSI=0x0000000000000000, RDI=0x0000000000000048
R8 =0x000000000000ffe0, R9 =0x0000000000000000, R10=0x00007ffa1bb60000, R11=0x000002c36c0127b0
R12=0x0000000000000050, R13=0x0000000000000000, R14=0x0000000000000000, R15=0x000000d52f5fe5d0
RIP=0x00007ff9db59e0a9, EFLAGS=0x0000000000010202

Top of Stack: (sp=0x000000d52f5fb3b0)
0x000000d52f5fb3b0:   000000000000180d 0000000000000000
0x000000d52f5fb3c0:   000000d52f5fe5d0 00007ff9db5038d1
0x000000d52f5fb3d0:   000002c347b4ea90 00007ff900002000
0x000000d52f5fb3e0:   000002c36c012790 000002c300000000
0x000000d52f5fb3f0:   0000000000000002 000002c36d5db790
0x000000d52f5fb400:   0000000000000002 000002c347b4ea90
0x000000d52f5fb410:   0000000000000000 0000000000000000
0x000000d52f5fb420:   000002c347b28a50 000002c329f4b070
0x000000d52f5fb430:   0000000000000048 00007ff9dbc24c08
0x000000d52f5fb440:   000000d52f5fb550 00007ff9db4fba8b
0x000000d52f5fb450:   000000d52f5fe5d0 00007ff9dbc24c08
0x000000d52f5fb460:   000000d52f5fe5d0 000000d52f5fb550
0x000000d52f5fb470:   000000d500000000 000000d52f5ff130
0x000000d52f5fb480:   000000d50000000f 000000d52f5fe5d0
0x000000d52f5fb490:   000000d52f5fb600 00007ff900000000
0x000000d52f5fb4a0:   000002c300000100 00007ff9dbc24c08 

Instructions: (pc=0x00007ff9db59e0a9)
0x00007ff9db59dfa9:   3b d0 75 0b ff c1 41 3b c9 7c dc 48 8b c2 c3 33
0x00007ff9db59dfb9:   c0 c3 cc cc cc cc cc 48 89 5c 24 18 55 56 57 41
0x00007ff9db59dfc9:   55 41 57 48 8b ec 48 83 ec 70 65 48 8b 04 25 58
0x00007ff9db59dfd9:   00 00 00 48 8b f2 44 8b 05 d2 8b 90 00 4c 8b f9
0x00007ff9db59dfe9:   4a 8b 1c c0 b8 50 00 00 00 80 3c 18 00 75 05 e8
0x00007ff9db59dff9:   8b 6f 5d 00 b8 20 00 00 00 48 8b 04 18 48 8b 98
0x00007ff9db59e009:   38 02 00 00 48 89 5d b0 c7 45 b8 04 00 00 00 48
0x00007ff9db59e019:   8b 43 18 48 83 f8 df 76 18 4c 8d 05 37 a9 65 00
0x00007ff9db59e029:   ba 20 00 00 00 48 8b cb e8 5a eb de ff 48 8b 43
0x00007ff9db59e039:   18 48 8d 48 20 48 3b 4b 20 76 11 45 33 c0 48 8b
0x00007ff9db59e049:   cb 41 8d 50 20 e8 fd e8 de ff eb 04 48 89 4b 18
0x00007ff9db59e059:   44 8b 45 b8 33 d2 49 c1 e0 03 48 8b c8 48 89 45
0x00007ff9db59e069:   c0 e8 e3 80 5d 00 45 33 ed 48 8d 4d d0 44 89 6d
0x00007ff9db59e079:   c8 e8 01 59 56 00 41 8b 9f 40 02 00 00 41 2b 9f
0x00007ff9db59e089:   68 02 00 00 44 89 6d f0 3b 5d b8 72 0b 8b d3 48
0x00007ff9db59e099:   8d 4d b0 e8 6f b3 39 00 48 8b 45 c0 4c 89 2c d8
0x00007ff9db59e0a9:   8b 7e 28 8b df c1 eb 05 3b 5d d0 72 0b 8b d3 48
0x00007ff9db59e0b9:   8d 4d d0 e8 1f 59 56 00 48 8b 45 d8 83 e7 1f 48
0x00007ff9db59e0c9:   8d 14 98 40 0f b6 cf 41 b8 01 00 00 00 41 d3 e0
0x00007ff9db59e0d9:   8b 0a 8b c1 41 0b c0 89 02 41 85 c8 75 21 8b 5d
0x00007ff9db59e0e9:   c8 8d 43 01 89 45 c8 3b 5d b8 72 0b 8b d3 48 8d
0x00007ff9db59e0f9:   4d b0 e8 10 b3 39 00 48 8b 45 c0 48 89 34 d8 44
0x00007ff9db59e109:   39 6d c8 0f 86 77 01 00 00 4c 89 a4 24 a0 00 00
0x00007ff9db59e119:   00 4c 89 b4 24 a8 00 00 00 48 8b 45 c0 41 8b cd
0x00007ff9db59e129:   48 8b 34 c8 8b 46 2c 25 ff 1f 00 00 3d 04 10 00
0x00007ff9db59e139:   00 0f 85 a7 00 00 00 bb 01 00 00 00 39 5e 18 76
0x00007ff9db59e149:   39 66 0f 1f 44 00 00 48 8b 46 08 8b cb 48 8b 14
0x00007ff9db59e159:   c8 48 85 d2 74 1d 48 83 7a 10 00 74 16 80 7a 2c
0x00007ff9db59e169:   84 74 10 e8 7f 7e ee ff 48 8b d0 49 8b cf e8 a4
0x00007ff9db59e179:   61 f6 ff ff c3 3b 5e 18 72 cd 48 8b 5e 10 8b 46
0x00007ff9db59e189:   20 4c 8d 34 c3 49 3b de 73 54 48 8b 3b 8b 47 2c
0x00007ff9db59e199:   83 e0 03 3c 03 75 2e 48 8b 07 48 8b cf ff 90 88 


Stack slot to memory mapping:
stack at sp + 0 slots: 0x000000000000180d is an unknown value
stack at sp + 1 slots: 0x0 is NULL
stack at sp + 2 slots: 0x000000d52f5fe5d0 is pointing into the stack for thread: 0x000002c347b5e5e0
stack at sp + 3 slots: 0x00007ff9db5038d1 jvm.dll
stack at sp + 4 slots: 0x000002c347b4ea90 points into unknown readable memory: 0x0000000000000006 | 06 00 00 00 00 00 00 00
stack at sp + 5 slots: 0x00007ff900002000 is an unknown value
stack at sp + 6 slots: 0x000002c36c012790 points into unknown readable memory: 0x0000000000000000 | 00 00 00 00 00 00 00 00
stack at sp + 7 slots: 0x000002c300000000 is an unknown value


---------------  P R O C E S S  ---------------

Threads class SMR info:
_java_thread_list=0x000002c36d2c0f50, length=90, elements={
0x000002c329f340e0, 0x000002c347b39160, 0x000002c347b3a690, 0x000002c347b4f930,
0x000002c347b529d0, 0x000002c347b54410, 0x000002c347b56030, 0x000002c347b5e5e0,
0x000002c347b62bc0, 0x000002c347b630e0, 0x000002c3670b5b90, 0x000002c3671a9510,
0x000002c368bdbc70, 0x000002c3680dc060, 0x000002c36834f0f0, 0x000002c368c0df70,
0x000002c368c60e00, 0x000002c367766870, 0x000002c367768be0, 0x000002c367767cb0,
0x000002c367766d80, 0x000002c367767290, 0x000002c3677686d0, 0x000002c367769b10,
0x000002c3677690f0, 0x000002c36948cc40, 0x000002c36948b2f0, 0x000002c36948f4c0,
0x000002c36948db70, 0x000002c36948f9d0, 0x000002c36948fee0, 0x000002c369490900,
0x000002c369489eb0, 0x000002c36948c220, 0x000002c36948e590, 0x000002c36948c730,
0x000002c36948d660, 0x000002c36948eaa0, 0x000002c36ab12900, 0x000002c36ab13830,
0x000002c36ab10590, 0x000002c36ab123f0, 0x000002c36ab10080, 0x000002c36ab10aa0,
0x000002c36ab114c0, 0x000002c36ab119d0, 0x000002c36ab13320, 0x000002c36ab11ee0,
0x000002c36ab12e10, 0x000002c3672c04f0, 0x000002c3672be180, 0x000002c3672c2d70,
0x000002c3672beba0, 0x000002c3672bd250, 0x000002c3672bc830, 0x000002c3672bd760,
0x000002c3672bfad0, 0x000002c3672c0f10, 0x000002c3672c1420, 0x000002c3672bf5c0,
0x000002c3672bffe0, 0x000002c3672c1930, 0x000002c3672c3280, 0x000002c3672c1e40,
0x000002c3672c2350, 0x000002c3672c3790, 0x000002c3672c3ca0, 0x000002c3672c41b0,
0x000002c3672bcd40, 0x000002c36b7f5920, 0x000002c36b7f81a0, 0x000002c36b7f7c90,
0x000002c36b7f86b0, 0x000002c36b7f8bc0, 0x000002c36b7f90d0, 0x000002c36b7f5e30,
0x000002c36b7f6d60, 0x000002c36b7f6340, 0x000002c36b7f6850, 0x000002c36b7f7270,
0x000002c36b7f7780, 0x000002c36b9c1b80, 0x000002c36b9bc060, 0x000002c36b9bdec0,
0x000002c36b9c25a0, 0x000002c36b9bc570, 0x000002c36b9be3d0, 0x000002c36b9bedf0,
0x000002c36b9bd4a0, 0x000002c36a333c70
}

Java Threads: ( => current thread )
  0x000002c329f340e0 JavaThread "main" [_thread_blocked, id=17468, stack(0x000000d52e800000,0x000000d52e900000)]
  0x000002c347b39160 JavaThread "Reference Handler" daemon [_thread_blocked, id=9264, stack(0x000000d52ef00000,0x000000d52f000000)]
  0x000002c347b3a690 JavaThread "Finalizer" daemon [_thread_blocked, id=16672, stack(0x000000d52f000000,0x000000d52f100000)]
  0x000002c347b4f930 JavaThread "Signal Dispatcher" daemon [_thread_blocked, id=3772, stack(0x000000d52f100000,0x000000d52f200000)]
  0x000002c347b529d0 JavaThread "Attach Listener" daemon [_thread_blocked, id=132, stack(0x000000d52f200000,0x000000d52f300000)]
  0x000002c347b54410 JavaThread "Service Thread" daemon [_thread_blocked, id=16696, stack(0x000000d52f300000,0x000000d52f400000)]
  0x000002c347b56030 JavaThread "Monitor Deflation Thread" daemon [_thread_blocked, id=16812, stack(0x000000d52f400000,0x000000d52f500000)]
=>0x000002c347b5e5e0 JavaThread "C2 CompilerThread0" daemon [_thread_in_native, id=11680, stack(0x000000d52f500000,0x000000d52f600000)]
  0x000002c347b62bc0 JavaThread "C1 CompilerThread0" daemon [_thread_blocked, id=15020, stack(0x000000d52f600000,0x000000d52f700000)]
  0x000002c347b630e0 JavaThread "Sweeper thread" daemon [_thread_blocked, id=8776, stack(0x000000d52f700000,0x000000d52f800000)]
  0x000002c3670b5b90 JavaThread "Common-Cleaner" daemon [_thread_blocked, id=17220, stack(0x000000d52f800000,0x000000d52f900000)]
  0x000002c3671a9510 JavaThread "Notification Thread" daemon [_thread_blocked, id=7880, stack(0x000000d52f900000,0x000000d52fa00000)]
  0x000002c368bdbc70 JavaThread "Daemon health stats" [_thread_blocked, id=4572, stack(0x000000d52ff00000,0x000000d530000000)]
  0x000002c3680dc060 JavaThread "Incoming local TCP Connector on port 54348" [_thread_in_native, id=12508, stack(0x000000d530000000,0x000000d530100000)]
  0x000002c36834f0f0 JavaThread "Daemon periodic checks" [_thread_blocked, id=18760, stack(0x000000d52fb00000,0x000000d52fc00000)]
  0x000002c368c0df70 JavaThread "Daemon" [_thread_blocked, id=17792, stack(0x000000d530100000,0x000000d530200000)]
  0x000002c368c60e00 JavaThread "Handler for socket connection from /127.0.0.1:54348 to /127.0.0.1:54349" [_thread_in_native, id=13928, stack(0x000000d530200000,0x000000d530300000)]
  0x000002c367766870 JavaThread "Cancel handler" [_thread_blocked, id=6500, stack(0x000000d530300000,0x000000d530400000)]
  0x000002c367768be0 JavaThread "Daemon worker" [_thread_blocked, id=19204, stack(0x000000d530400000,0x000000d530500000)]
  0x000002c367767cb0 JavaThread "Asynchronous log dispatcher for DefaultDaemonConnection: socket connection from /127.0.0.1:54348 to /127.0.0.1:54349" [_thread_blocked, id=17664, stack(0x000000d530500000,0x000000d530600000)]
  0x000002c367766d80 JavaThread "Stdin handler" [_thread_blocked, id=16656, stack(0x000000d530600000,0x000000d530700000)]
  0x000002c367767290 JavaThread "Daemon client event forwarder" [_thread_blocked, id=12880, stack(0x000000d530700000,0x000000d530800000)]
  0x000002c3677686d0 JavaThread "Cache worker for journal cache (C:\Users\pc\.gradle\caches\journal-1)" [_thread_blocked, id=1220, stack(0x000000d530800000,0x000000d530900000)]
  0x000002c367769b10 JavaThread "File lock request listener" [_thread_in_native, id=18940, stack(0x000000d530900000,0x000000d530a00000)]
  0x000002c3677690f0 JavaThread "Cache worker for file hash cache (C:\Users\pc\.gradle\caches\8.8\fileHashes)" [_thread_blocked, id=8496, stack(0x000000d530a00000,0x000000d530b00000)]
  0x000002c36948cc40 JavaThread "Cache worker for file hash cache (D:\Apps\OBDApp\android\.gradle\8.8\fileHashes)" [_thread_blocked, id=19312, stack(0x000000d530b00000,0x000000d530c00000)]
  0x000002c36948b2f0 JavaThread "File watcher server" daemon [_thread_in_native, id=9608, stack(0x000000d530d00000,0x000000d530e00000)]
  0x000002c36948f4c0 JavaThread "File watcher consumer" daemon [_thread_blocked, id=17760, stack(0x000000d530e00000,0x000000d530f00000)]
  0x000002c36948db70 JavaThread "Cache worker for checksums cache (D:\Apps\OBDApp\android\.gradle\8.8\checksums)" [_thread_blocked, id=1188, stack(0x000000d530c00000,0x000000d530d00000)]
  0x000002c36948f9d0 JavaThread "Cache worker for file content cache (C:\Users\pc\.gradle\caches\8.8\fileContent)" [_thread_blocked, id=17228, stack(0x000000d530f00000,0x000000d531000000)]
  0x000002c36948fee0 JavaThread "Cache worker for cache directory md-rule (C:\Users\pc\.gradle\caches\8.8\md-rule)" [_thread_blocked, id=16256, stack(0x000000d531000000,0x000000d531100000)]
  0x000002c369490900 JavaThread "Cache worker for cache directory md-supplier (C:\Users\pc\.gradle\caches\8.8\md-supplier)" [_thread_blocked, id=18480, stack(0x000000d531100000,0x000000d531200000)]
  0x000002c369489eb0 JavaThread "jar transforms" [_thread_blocked, id=6588, stack(0x000000d531500000,0x000000d531600000)]
  0x000002c36948c220 JavaThread "Unconstrained build operations" [_thread_blocked, id=18344, stack(0x000000d531600000,0x000000d531700000)]
  0x000002c36948e590 JavaThread "Unconstrained build operations Thread 2" [_thread_blocked, id=17160, stack(0x000000d531700000,0x000000d531800000)]
  0x000002c36948c730 JavaThread "Unconstrained build operations Thread 3" [_thread_blocked, id=2076, stack(0x000000d531800000,0x000000d531900000)]
  0x000002c36948d660 JavaThread "Unconstrained build operations Thread 4" [_thread_blocked, id=18976, stack(0x000000d531900000,0x000000d531a00000)]
  0x000002c36948eaa0 JavaThread "Unconstrained build operations Thread 5" [_thread_blocked, id=18240, stack(0x000000d531a00000,0x000000d531b00000)]
  0x000002c36ab12900 JavaThread "Unconstrained build operations Thread 6" [_thread_blocked, id=4892, stack(0x000000d531b00000,0x000000d531c00000)]
  0x000002c36ab13830 JavaThread "Cache worker for Build Output Cleanup Cache (D:\Apps\OBDApp\node_modules\@react-native\gradle-plugin\.gradle\buildOutputCleanup)" [_thread_blocked, id=13336, stack(0x000000d531c00000,0x000000d531d00000)]
  0x000002c36ab10590 JavaThread "Unconstrained build operations Thread 7" [_thread_blocked, id=15900, stack(0x000000d531d00000,0x000000d531e00000)]
  0x000002c36ab123f0 JavaThread "Unconstrained build operations Thread 8" [_thread_blocked, id=17292, stack(0x000000d531e00000,0x000000d531f00000)]
  0x000002c36ab10080 JavaThread "Unconstrained build operations Thread 9" [_thread_blocked, id=3040, stack(0x000000d531f00000,0x000000d532000000)]
  0x000002c36ab10aa0 JavaThread "Unconstrained build operations Thread 10" [_thread_blocked, id=16820, stack(0x000000d532000000,0x000000d532100000)]
  0x000002c36ab114c0 JavaThread "Unconstrained build operations Thread 11" [_thread_blocked, id=6628, stack(0x000000d532100000,0x000000d532200000)]
  0x000002c36ab119d0 JavaThread "Unconstrained build operations Thread 12" [_thread_blocked, id=1204, stack(0x000000d532200000,0x000000d532300000)]
  0x000002c36ab13320 JavaThread "Unconstrained build operations Thread 13" [_thread_blocked, id=16948, stack(0x000000d532300000,0x000000d532400000)]
  0x000002c36ab11ee0 JavaThread "Unconstrained build operations Thread 14" [_thread_blocked, id=3760, stack(0x000000d532400000,0x000000d532500000)]
  0x000002c36ab12e10 JavaThread "Unconstrained build operations Thread 15" [_thread_in_native, id=7584, stack(0x000000d532500000,0x000000d532600000)]
  0x000002c3672c04f0 JavaThread "Memory manager" [_thread_blocked, id=18824, stack(0x000000d532600000,0x000000d532700000)]
  0x000002c3672be180 JavaThread "build event listener" [_thread_blocked, id=6752, stack(0x000000d532700000,0x000000d532800000)]
  0x000002c3672c2d70 JavaThread "ForkJoinPool.commonPool-worker-1" daemon [_thread_blocked, id=880, stack(0x000000d532800000,0x000000d532900000)]
  0x000002c3672beba0 JavaThread "ForkJoinPool.commonPool-worker-2" daemon [_thread_blocked, id=7352, stack(0x000000d532900000,0x000000d532a00000)]
  0x000002c3672bd250 JavaThread "ForkJoinPool.commonPool-worker-3" daemon [_thread_blocked, id=11552, stack(0x000000d532a00000,0x000000d532b00000)]
  0x000002c3672bc830 JavaThread "included builds" [_thread_blocked, id=3732, stack(0x000000d532b00000,0x000000d532c00000)]
  0x000002c3672bd760 JavaThread "Execution worker" [_thread_blocked, id=10564, stack(0x000000d532c00000,0x000000d532d00000)]
  0x000002c3672bfad0 JavaThread "Execution worker Thread 2" [_thread_blocked, id=19032, stack(0x000000d532d00000,0x000000d532e00000)]
  0x000002c3672c0f10 JavaThread "Execution worker Thread 3" [_thread_blocked, id=17736, stack(0x000000d532e00000,0x000000d532f00000)]
  0x000002c3672c1420 JavaThread "Cache worker for execution history cache (D:\Apps\OBDApp\node_modules\@react-native\gradle-plugin\.gradle\8.8\executionHistory)" [_thread_blocked, id=12172, stack(0x000000d532f00000,0x000000d533000000)]
  0x000002c3672bf5c0 JavaThread "Unconstrained build operations Thread 16" [_thread_blocked, id=11968, stack(0x000000d533000000,0x000000d533100000)]
  0x000002c3672bffe0 JavaThread "Unconstrained build operations Thread 17" [_thread_blocked, id=19188, stack(0x000000d533100000,0x000000d533200000)]
  0x000002c3672c1930 JavaThread "Unconstrained build operations Thread 18" [_thread_blocked, id=9604, stack(0x000000d533200000,0x000000d533300000)]
  0x000002c3672c3280 JavaThread "Unconstrained build operations Thread 19" [_thread_blocked, id=18512, stack(0x000000d533300000,0x000000d533400000)]
  0x000002c3672c1e40 JavaThread "Unconstrained build operations Thread 20" [_thread_blocked, id=19404, stack(0x000000d533400000,0x000000d533500000)]
  0x000002c3672c2350 JavaThread "Unconstrained build operations Thread 21" [_thread_blocked, id=14844, stack(0x000000d533500000,0x000000d533600000)]
  0x000002c3672c3790 JavaThread "Unconstrained build operations Thread 22" [_thread_blocked, id=18340, stack(0x000000d533600000,0x000000d533700000)]
  0x000002c3672c3ca0 JavaThread "Unconstrained build operations Thread 23" [_thread_blocked, id=5136, stack(0x000000d533700000,0x000000d533800000)]
  0x000002c3672c41b0 JavaThread "Unconstrained build operations Thread 24" [_thread_blocked, id=748, stack(0x000000d533800000,0x000000d533900000)]
  0x000002c3672bcd40 JavaThread "Unconstrained build operations Thread 25" [_thread_blocked, id=15704, stack(0x000000d533900000,0x000000d533a00000)]
  0x000002c36b7f5920 JavaThread "Unconstrained build operations Thread 26" [_thread_blocked, id=4144, stack(0x000000d533a00000,0x000000d533b00000)]
  0x000002c36b7f81a0 JavaThread "Unconstrained build operations Thread 27" [_thread_blocked, id=18692, stack(0x000000d533b00000,0x000000d533c00000)]
  0x000002c36b7f7c90 JavaThread "Unconstrained build operations Thread 28" [_thread_blocked, id=15612, stack(0x000000d533c00000,0x000000d533d00000)]
  0x000002c36b7f86b0 JavaThread "Unconstrained build operations Thread 29" [_thread_blocked, id=16728, stack(0x000000d533d00000,0x000000d533e00000)]
  0x000002c36b7f8bc0 JavaThread "Unconstrained build operations Thread 30" [_thread_blocked, id=18452, stack(0x000000d533e00000,0x000000d533f00000)]
  0x000002c36b7f90d0 JavaThread "Unconstrained build operations Thread 31" [_thread_blocked, id=18788, stack(0x000000d533f00000,0x000000d534000000)]
  0x000002c36b7f5e30 JavaThread "Unconstrained build operations Thread 32" [_thread_blocked, id=10916, stack(0x000000d534000000,0x000000d534100000)]
  0x000002c36b7f6d60 JavaThread "Unconstrained build operations Thread 33" [_thread_blocked, id=16676, stack(0x000000d534100000,0x000000d534200000)]
  0x000002c36b7f6340 JavaThread "Unconstrained build operations Thread 34" [_thread_blocked, id=11176, stack(0x000000d534200000,0x000000d534300000)]
  0x000002c36b7f6850 JavaThread "Unconstrained build operations Thread 35" [_thread_blocked, id=3784, stack(0x000000d534300000,0x000000d534400000)]
  0x000002c36b7f7270 JavaThread "Unconstrained build operations Thread 36" [_thread_blocked, id=12800, stack(0x000000d534400000,0x000000d534500000)]
  0x000002c36b7f7780 JavaThread "jar transforms Thread 2" [_thread_blocked, id=9660, stack(0x000000d534500000,0x000000d534600000)]
  0x000002c36b9c1b80 JavaThread "Cache worker for Build Output Cleanup Cache (D:\Apps\OBDApp\android\.gradle\buildOutputCleanup)" [_thread_blocked, id=18776, stack(0x000000d531200000,0x000000d531300000)]
  0x000002c36b9bc060 JavaThread "jar transforms Thread 3" [_thread_blocked, id=18092, stack(0x000000d534600000,0x000000d534700000)]
  0x000002c36b9bdec0 JavaThread "Unconstrained build operations Thread 37" [_thread_blocked, id=18756, stack(0x000000d534800000,0x000000d534900000)]
  0x000002c36b9c25a0 JavaThread "Unconstrained build operations Thread 38" [_thread_blocked, id=1340, stack(0x000000d534900000,0x000000d534a00000)]
  0x000002c36b9bc570 JavaThread "Unconstrained build operations Thread 39" [_thread_blocked, id=17236, stack(0x000000d534a00000,0x000000d534b00000)]
  0x000002c36b9be3d0 JavaThread "Unconstrained build operations Thread 40" [_thread_blocked, id=17012, stack(0x000000d534b00000,0x000000d534c00000)]
  0x000002c36b9bedf0 JavaThread "jar transforms Thread 4" [_thread_blocked, id=17376, stack(0x000000d534c00000,0x000000d534d00000)]
  0x000002c36b9bd4a0 JavaThread "build event listener" [_thread_blocked, id=17656, stack(0x000000d534700000,0x000000d534800000)]
  0x000002c36a333c70 JavaThread "C2 CompilerThread1" daemon [_thread_in_native, id=19100, stack(0x000000d534d00000,0x000000d534e00000)]

Other Threads:
  0x000002c347b34ea0 VMThread "VM Thread" [stack: 0x000000d52ee00000,0x000000d52ef00000] [id=2800]
  0x000002c329f34eb0 WatcherThread [stack: 0x000000d52fa00000,0x000000d52fb00000] [id=9132]
  0x000002c329f8fd20 GCTaskThread "GC Thread#0" [stack: 0x000000d52e900000,0x000000d52ea00000] [id=6104]
  0x000002c3672bc400 GCTaskThread "GC Thread#1" [stack: 0x000000d52fc00000,0x000000d52fd00000] [id=4448]
  0x000002c367654020 GCTaskThread "GC Thread#2" [stack: 0x000000d52fd00000,0x000000d52fe00000] [id=10676]
  0x000002c3676542e0 GCTaskThread "GC Thread#3" [stack: 0x000000d52fe00000,0x000000d52ff00000] [id=15156]
  0x000002c329fa0b80 ConcurrentGCThread "G1 Main Marker" [stack: 0x000000d52ea00000,0x000000d52eb00000] [id=9488]
  0x000002c329fa14a0 ConcurrentGCThread "G1 Conc#0" [stack: 0x000000d52eb00000,0x000000d52ec00000] [id=4964]
  0x000002c329fed870 ConcurrentGCThread "G1 Refine#0" [stack: 0x000000d52ec00000,0x000000d52ed00000] [id=15392]
  0x000002c36938fcf0 ConcurrentGCThread "G1 Refine#1" [stack: 0x000000d531300000,0x000000d531400000] [id=14476]
  0x000002c369070910 ConcurrentGCThread "G1 Refine#2" [stack: 0x000000d531400000,0x000000d531500000] [id=4712]
  0x000002c329fee1b0 ConcurrentGCThread "G1 Service" [stack: 0x000000d52ed00000,0x000000d52ee00000] [id=18784]

Threads with active compile tasks:
C2 CompilerThread0    31455 12283       4       org.gradle.cache.internal.ExclusiveCacheAccessingWorker$1::call (10 bytes)
C2 CompilerThread1    31455 12281   !   4       java.util.concurrent.FutureTask::run (123 bytes)

VM state: not at safepoint (normal execution)

VM Mutex/Monitor currently owned by a thread: None

Heap address: 0x0000000080000000, size: 2048 MB, Compressed Oops mode: 32-bit

CDS archive(s) mapped at: [0x000002c348000000-0x000002c348bd0000-0x000002c348bd0000), size 12386304, SharedBaseAddress: 0x000002c348000000, ArchiveRelocationMode: 1.
Compressed class space mapped at: 0x000002c349000000-0x000002c363000000, reserved size: 436207616
Narrow klass base: 0x000002c348000000, Narrow klass shift: 0, Narrow klass range: 0x100000000

GC Precious Log:
 CPUs: 4 total, 4 available
 Memory: 16275M
 Large Page Support: Disabled
 NUMA Support: Disabled
 Compressed Oops: Enabled (32-bit)
 Heap Region Size: 1M
 Heap Min Capacity: 8M
 Heap Initial Capacity: 256M
 Heap Max Capacity: 2G
 Pre-touch: Disabled
 Parallel Workers: 4
 Concurrent Workers: 1
 Concurrent Refinement Workers: 4
 Periodic GC: Disabled

Heap:
 garbage-first heap   total 196608K, used 154423K [0x0000000080000000, 0x0000000100000000)
  region size 1024K, 44 young (45056K), 6 survivors (6144K)
 Metaspace       used 92569K, committed 93504K, reserved 557056K
  class space    used 13009K, committed 13440K, reserved 425984K

Heap Regions: E=young(eden), S=young(survivor), O=old, HS=humongous(starts), HC=humongous(continues), CS=collection set, F=free, OA=open archive, CA=closed archive, TAMS=top-at-mark-start (previous, next)
|   0|0x0000000080000000, 0x0000000080100000, 0x0000000080100000|100%|HS|  |TAMS 0x0000000080100000, 0x0000000080000000| Complete 
|   1|0x0000000080100000, 0x0000000080200000, 0x0000000080200000|100%|HC|  |TAMS 0x0000000080200000, 0x0000000080100000| Complete 
|   2|0x0000000080200000, 0x0000000080300000, 0x0000000080300000|100%|HC|  |TAMS 0x0000000080300000, 0x0000000080200000| Complete 
|   3|0x0000000080300000, 0x0000000080400000, 0x0000000080400000|100%|HC|  |TAMS 0x0000000080400000, 0x0000000080300000| Complete 
|   4|0x0000000080400000, 0x0000000080500000, 0x0000000080500000|100%| O|  |TAMS 0x0000000080500000, 0x0000000080400000| Untracked 
|   5|0x0000000080500000, 0x0000000080600000, 0x0000000080600000|100%| O|  |TAMS 0x0000000080600000, 0x0000000080500000| Untracked 
|   6|0x0000000080600000, 0x0000000080700000, 0x0000000080700000|100%| O|  |TAMS 0x0000000080700000, 0x0000000080600000| Untracked 
|   7|0x0000000080700000, 0x0000000080800000, 0x0000000080800000|100%| O|  |TAMS 0x0000000080800000, 0x0000000080700000| Untracked 
|   8|0x0000000080800000, 0x0000000080900000, 0x0000000080900000|100%| O|  |TAMS 0x0000000080900000, 0x0000000080800000| Untracked 
|   9|0x0000000080900000, 0x0000000080a00000, 0x0000000080a00000|100%| O|  |TAMS 0x0000000080a00000, 0x0000000080900000| Untracked 
|  10|0x0000000080a00000, 0x0000000080b00000, 0x0000000080b00000|100%| O|  |TAMS 0x0000000080b00000, 0x0000000080a00000| Untracked 
|  11|0x0000000080b00000, 0x0000000080c00000, 0x0000000080c00000|100%|HS|  |TAMS 0x0000000080c00000, 0x0000000080b00000| Complete 
|  12|0x0000000080c00000, 0x0000000080d00000, 0x0000000080d00000|100%| O|  |TAMS 0x0000000080d00000, 0x0000000080c00000| Untracked 
|  13|0x0000000080d00000, 0x0000000080e00000, 0x0000000080e00000|100%| O|  |TAMS 0x0000000080e00000, 0x0000000080d00000| Untracked 
|  14|0x0000000080e00000, 0x0000000080f00000, 0x0000000080f00000|100%| O|  |TAMS 0x0000000080f00000, 0x0000000080e00000| Untracked 
|  15|0x0000000080f00000, 0x0000000081000000, 0x0000000081000000|100%| O|  |TAMS 0x0000000081000000, 0x0000000080f00000| Untracked 
|  16|0x0000000081000000, 0x0000000081100000, 0x0000000081100000|100%| O|  |TAMS 0x0000000081100000, 0x0000000081000000| Untracked 
|  17|0x0000000081100000, 0x0000000081200000, 0x0000000081200000|100%| O|  |TAMS 0x0000000081200000, 0x0000000081100000| Untracked 
|  18|0x0000000081200000, 0x0000000081300000, 0x0000000081300000|100%| O|  |TAMS 0x0000000081300000, 0x0000000081200000| Untracked 
|  19|0x0000000081300000, 0x0000000081400000, 0x0000000081400000|100%| O|  |TAMS 0x0000000081400000, 0x0000000081300000| Untracked 
|  20|0x0000000081400000, 0x0000000081500000, 0x0000000081500000|100%| O|  |TAMS 0x0000000081500000, 0x0000000081400000| Untracked 
|  21|0x0000000081500000, 0x0000000081600000, 0x0000000081600000|100%| O|  |TAMS 0x0000000081600000, 0x0000000081500000| Untracked 
|  22|0x0000000081600000, 0x0000000081700000, 0x0000000081700000|100%| O|  |TAMS 0x0000000081700000, 0x0000000081600000| Untracked 
|  23|0x0000000081700000, 0x0000000081800000, 0x0000000081800000|100%| O|  |TAMS 0x0000000081800000, 0x0000000081700000| Untracked 
|  24|0x0000000081800000, 0x0000000081900000, 0x0000000081900000|100%| O|  |TAMS 0x0000000081900000, 0x0000000081800000| Untracked 
|  25|0x0000000081900000, 0x0000000081a00000, 0x0000000081a00000|100%| O|  |TAMS 0x0000000081a00000, 0x0000000081900000| Untracked 
|  26|0x0000000081a00000, 0x0000000081b00000, 0x0000000081b00000|100%| O|  |TAMS 0x0000000081b00000, 0x0000000081a00000| Untracked 
|  27|0x0000000081b00000, 0x0000000081c00000, 0x0000000081c00000|100%| O|  |TAMS 0x0000000081c00000, 0x0000000081b00000| Untracked 
|  28|0x0000000081c00000, 0x0000000081d00000, 0x0000000081d00000|100%| O|  |TAMS 0x0000000081d00000, 0x0000000081c00000| Untracked 
|  29|0x0000000081d00000, 0x0000000081e00000, 0x0000000081e00000|100%| O|  |TAMS 0x0000000081e00000, 0x0000000081d00000| Untracked 
|  30|0x0000000081e00000, 0x0000000081f00000, 0x0000000081f00000|100%| O|  |TAMS 0x0000000081f00000, 0x0000000081e00000| Untracked 
|  31|0x0000000081f00000, 0x0000000082000000, 0x0000000082000000|100%| O|  |TAMS 0x0000000082000000, 0x0000000081f00000| Untracked 
|  32|0x0000000082000000, 0x0000000082100000, 0x0000000082100000|100%| O|  |TAMS 0x0000000082100000, 0x0000000082000000| Untracked 
|  33|0x0000000082100000, 0x0000000082200000, 0x0000000082200000|100%| O|  |TAMS 0x0000000082200000, 0x0000000082100000| Untracked 
|  34|0x0000000082200000, 0x0000000082300000, 0x0000000082300000|100%| O|  |TAMS 0x0000000082300000, 0x0000000082200000| Untracked 
|  35|0x0000000082300000, 0x0000000082400000, 0x0000000082400000|100%|HS|  |TAMS 0x0000000082400000, 0x0000000082300000| Complete 
|  36|0x0000000082400000, 0x0000000082500000, 0x0000000082500000|100%|HC|  |TAMS 0x0000000082500000, 0x0000000082400000| Complete 
|  37|0x0000000082500000, 0x0000000082600000, 0x0000000082600000|100%|HS|  |TAMS 0x0000000082600000, 0x0000000082500000| Complete 
|  38|0x0000000082600000, 0x0000000082700000, 0x0000000082700000|100%|HC|  |TAMS 0x0000000082700000, 0x0000000082600000| Complete 
|  39|0x0000000082700000, 0x0000000082800000, 0x0000000082800000|100%|HS|  |TAMS 0x0000000082800000, 0x0000000082700000| Complete 
|  40|0x0000000082800000, 0x0000000082900000, 0x0000000082900000|100%|HC|  |TAMS 0x0000000082900000, 0x0000000082800000| Complete 
|  41|0x0000000082900000, 0x0000000082a00000, 0x0000000082a00000|100%|HC|  |TAMS 0x0000000082a00000, 0x0000000082900000| Complete 
|  42|0x0000000082a00000, 0x0000000082b00000, 0x0000000082b00000|100%|HC|  |TAMS 0x0000000082b00000, 0x0000000082a00000| Complete 
|  43|0x0000000082b00000, 0x0000000082c00000, 0x0000000082c00000|100%|HS|  |TAMS 0x0000000082c00000, 0x0000000082b00000| Complete 
|  44|0x0000000082c00000, 0x0000000082d00000, 0x0000000082d00000|100%|HC|  |TAMS 0x0000000082d00000, 0x0000000082c00000| Complete 
|  45|0x0000000082d00000, 0x0000000082e00000, 0x0000000082e00000|100%|HC|  |TAMS 0x0000000082e00000, 0x0000000082d00000| Complete 
|  46|0x0000000082e00000, 0x0000000082f00000, 0x0000000082f00000|100%|HC|  |TAMS 0x0000000082f00000, 0x0000000082e00000| Complete 
|  47|0x0000000082f00000, 0x0000000083000000, 0x0000000083000000|100%| O|  |TAMS 0x0000000083000000, 0x0000000082f00000| Untracked 
|  48|0x0000000083000000, 0x0000000083100000, 0x0000000083100000|100%| O|  |TAMS 0x0000000083100000, 0x0000000083000000| Untracked 
|  49|0x0000000083100000, 0x0000000083200000, 0x0000000083200000|100%| O|  |TAMS 0x0000000083200000, 0x0000000083100000| Untracked 
|  50|0x0000000083200000, 0x0000000083300000, 0x0000000083300000|100%| O|  |TAMS 0x0000000083300000, 0x0000000083200000| Untracked 
|  51|0x0000000083300000, 0x0000000083400000, 0x0000000083400000|100%| O|  |TAMS 0x0000000083400000, 0x0000000083300000| Untracked 
|  52|0x0000000083400000, 0x0000000083500000, 0x0000000083500000|100%| O|  |TAMS 0x0000000083500000, 0x0000000083400000| Untracked 
|  53|0x0000000083500000, 0x0000000083600000, 0x0000000083600000|100%| O|  |TAMS 0x0000000083600000, 0x0000000083500000| Untracked 
|  54|0x0000000083600000, 0x0000000083700000, 0x0000000083700000|100%| O|  |TAMS 0x0000000083700000, 0x0000000083600000| Untracked 
|  55|0x0000000083700000, 0x0000000083800000, 0x0000000083800000|100%| O|  |TAMS 0x0000000083800000, 0x0000000083700000| Untracked 
|  56|0x0000000083800000, 0x0000000083900000, 0x0000000083900000|100%|HS|  |TAMS 0x0000000083800000, 0x0000000083800000| Complete 
|  57|0x0000000083900000, 0x0000000083a00000, 0x0000000083a00000|100%| O|  |TAMS 0x0000000083a00000, 0x0000000083900000| Untracked 
|  58|0x0000000083a00000, 0x0000000083b00000, 0x0000000083b00000|100%| O|  |TAMS 0x0000000083b00000, 0x0000000083a00000| Untracked 
|  59|0x0000000083b00000, 0x0000000083c00000, 0x0000000083c00000|100%| O|  |TAMS 0x0000000083c00000, 0x0000000083b00000| Untracked 
|  60|0x0000000083c00000, 0x0000000083d00000, 0x0000000083d00000|100%| O|  |TAMS 0x0000000083d00000, 0x0000000083c00000| Untracked 
|  61|0x0000000083d00000, 0x0000000083e00000, 0x0000000083e00000|100%| O|  |TAMS 0x0000000083e00000, 0x0000000083d00000| Untracked 
|  62|0x0000000083e00000, 0x0000000083f00000, 0x0000000083f00000|100%| O|  |TAMS 0x0000000083f00000, 0x0000000083e00000| Untracked 
|  63|0x0000000083f00000, 0x0000000084000000, 0x0000000084000000|100%| O|  |TAMS 0x0000000084000000, 0x0000000083f00000| Untracked 
|  64|0x0000000084000000, 0x0000000084100000, 0x0000000084100000|100%| O|  |TAMS 0x0000000084100000, 0x0000000084000000| Untracked 
|  65|0x0000000084100000, 0x0000000084200000, 0x0000000084200000|100%| O|  |TAMS 0x0000000084200000, 0x0000000084100000| Untracked 
|  66|0x0000000084200000, 0x0000000084300000, 0x0000000084300000|100%| O|  |TAMS 0x0000000084300000, 0x0000000084200000| Untracked 
|  67|0x0000000084300000, 0x0000000084400000, 0x0000000084400000|100%| O|  |TAMS 0x0000000084400000, 0x0000000084300000| Untracked 
|  68|0x0000000084400000, 0x0000000084500000, 0x0000000084500000|100%| O|  |TAMS 0x0000000084500000, 0x0000000084400000| Untracked 
|  69|0x0000000084500000, 0x0000000084600000, 0x0000000084600000|100%| O|  |TAMS 0x0000000084600000, 0x0000000084500000| Untracked 
|  70|0x0000000084600000, 0x0000000084700000, 0x0000000084700000|100%| O|  |TAMS 0x0000000084700000, 0x0000000084600000| Untracked 
|  71|0x0000000084700000, 0x0000000084800000, 0x0000000084800000|100%| O|  |TAMS 0x0000000084800000, 0x0000000084700000| Untracked 
|  72|0x0000000084800000, 0x0000000084900000, 0x0000000084900000|100%| O|  |TAMS 0x0000000084900000, 0x0000000084800000| Untracked 
|  73|0x0000000084900000, 0x0000000084a00000, 0x0000000084a00000|100%| O|  |TAMS 0x0000000084a00000, 0x0000000084900000| Untracked 
|  74|0x0000000084a00000, 0x0000000084b00000, 0x0000000084b00000|100%| O|  |TAMS 0x0000000084b00000, 0x0000000084a00000| Untracked 
|  75|0x0000000084b00000, 0x0000000084c00000, 0x0000000084c00000|100%| O|  |TAMS 0x0000000084ba3600, 0x0000000084b00000| Untracked 
|  76|0x0000000084c00000, 0x0000000084d00000, 0x0000000084d00000|100%| O|  |TAMS 0x0000000084c00000, 0x0000000084c00000| Untracked 
|  77|0x0000000084d00000, 0x0000000084e00000, 0x0000000084e00000|100%| O|  |TAMS 0x0000000084d00000, 0x0000000084d00000| Untracked 
|  78|0x0000000084e00000, 0x0000000084f00000, 0x0000000084f00000|100%| O|  |TAMS 0x0000000084e00000, 0x0000000084e00000| Untracked 
|  79|0x0000000084f00000, 0x0000000085000000, 0x0000000085000000|100%| O|  |TAMS 0x0000000084f00000, 0x0000000084f00000| Untracked 
|  80|0x0000000085000000, 0x0000000085100000, 0x0000000085100000|100%| O|  |TAMS 0x0000000085000000, 0x0000000085000000| Untracked 
|  81|0x0000000085100000, 0x0000000085200000, 0x0000000085200000|100%|HS|  |TAMS 0x0000000085100000, 0x0000000085100000| Complete 
|  82|0x0000000085200000, 0x0000000085300000, 0x0000000085300000|100%|HS|  |TAMS 0x0000000085200000, 0x0000000085200000| Complete 
|  83|0x0000000085300000, 0x0000000085400000, 0x0000000085400000|100%|HS|  |TAMS 0x0000000085300000, 0x0000000085300000| Complete 
|  84|0x0000000085400000, 0x0000000085500000, 0x0000000085500000|100%| O|  |TAMS 0x0000000085400000, 0x0000000085400000| Untracked 
|  85|0x0000000085500000, 0x0000000085600000, 0x0000000085600000|100%|HS|  |TAMS 0x0000000085500000, 0x0000000085500000| Complete 
|  86|0x0000000085600000, 0x0000000085700000, 0x0000000085700000|100%|HS|  |TAMS 0x0000000085600000, 0x0000000085600000| Complete 
|  87|0x0000000085700000, 0x0000000085800000, 0x0000000085800000|100%| O|  |TAMS 0x0000000085700000, 0x0000000085700000| Untracked 
|  88|0x0000000085800000, 0x0000000085900000, 0x0000000085900000|100%| O|  |TAMS 0x0000000085800000, 0x0000000085800000| Untracked 
|  89|0x0000000085900000, 0x0000000085a00000, 0x0000000085a00000|100%| O|  |TAMS 0x0000000085900000, 0x0000000085900000| Untracked 
|  90|0x0000000085a00000, 0x0000000085b00000, 0x0000000085b00000|100%|HS|  |TAMS 0x0000000085a00000, 0x0000000085a00000| Complete 
|  91|0x0000000085b00000, 0x0000000085c00000, 0x0000000085c00000|100%| O|  |TAMS 0x0000000085b00000, 0x0000000085b00000| Untracked 
|  92|0x0000000085c00000, 0x0000000085d00000, 0x0000000085d00000|100%| O|  |TAMS 0x0000000085c00000, 0x0000000085c00000| Untracked 
|  93|0x0000000085d00000, 0x0000000085e00000, 0x0000000085e00000|100%| O|  |TAMS 0x0000000085d00000, 0x0000000085d00000| Untracked 
|  94|0x0000000085e00000, 0x0000000085f00000, 0x0000000085f00000|100%| O|  |TAMS 0x0000000085e00000, 0x0000000085e00000| Untracked 
|  95|0x0000000085f00000, 0x0000000086000000, 0x0000000086000000|100%| O|  |TAMS 0x0000000085f00000, 0x0000000085f00000| Untracked 
|  96|0x0000000086000000, 0x0000000086100000, 0x0000000086100000|100%| O|  |TAMS 0x0000000086000000, 0x0000000086000000| Untracked 
|  97|0x0000000086100000, 0x0000000086200000, 0x0000000086200000|100%| O|  |TAMS 0x0000000086100000, 0x0000000086100000| Untracked 
|  98|0x0000000086200000, 0x0000000086300000, 0x0000000086300000|100%| O|  |TAMS 0x0000000086200000, 0x0000000086200000| Untracked 
|  99|0x0000000086300000, 0x0000000086400000, 0x0000000086400000|100%| O|  |TAMS 0x0000000086300000, 0x0000000086300000| Untracked 
| 100|0x0000000086400000, 0x0000000086500000, 0x0000000086500000|100%| O|  |TAMS 0x0000000086400000, 0x0000000086400000| Untracked 
| 101|0x0000000086500000, 0x0000000086600000, 0x0000000086600000|100%| O|  |TAMS 0x0000000086500000, 0x0000000086500000| Untracked 
| 102|0x0000000086600000, 0x0000000086700000, 0x0000000086700000|100%| O|  |TAMS 0x0000000086600000, 0x0000000086600000| Untracked 
| 103|0x0000000086700000, 0x0000000086800000, 0x0000000086800000|100%| O|  |TAMS 0x0000000086700000, 0x0000000086700000| Untracked 
| 104|0x0000000086800000, 0x0000000086900000, 0x0000000086900000|100%| O|  |TAMS 0x0000000086800000, 0x0000000086800000| Untracked 
| 105|0x0000000086900000, 0x0000000086a00000, 0x0000000086a00000|100%| O|  |TAMS 0x0000000086900000, 0x0000000086900000| Untracked 
| 106|0x0000000086a00000, 0x0000000086b00000, 0x0000000086b00000|100%| O|  |TAMS 0x0000000086a00000, 0x0000000086a00000| Untracked 
| 107|0x0000000086b00000, 0x0000000086c00000, 0x0000000086c00000|100%| O|  |TAMS 0x0000000086b00000, 0x0000000086b00000| Untracked 
| 108|0x0000000086c00000, 0x0000000086d00000, 0x0000000086d00000|100%| O|  |TAMS 0x0000000086c00000, 0x0000000086c00000| Untracked 
| 109|0x0000000086d00000, 0x0000000086d00000, 0x0000000086e00000|  0%| F|  |TAMS 0x0000000086d00000, 0x0000000086d00000| Untracked 
| 110|0x0000000086e00000, 0x0000000086e00000, 0x0000000086f00000|  0%| F|  |TAMS 0x0000000086e00000, 0x0000000086e00000| Untracked 
| 111|0x0000000086f00000, 0x0000000086f00000, 0x0000000087000000|  0%| F|  |TAMS 0x0000000086f00000, 0x0000000086f00000| Untracked 
| 112|0x0000000087000000, 0x0000000087000000, 0x0000000087100000|  0%| F|  |TAMS 0x0000000087000000, 0x0000000087000000| Untracked 
| 113|0x0000000087100000, 0x0000000087100000, 0x0000000087200000|  0%| F|  |TAMS 0x0000000087100000, 0x0000000087100000| Untracked 
| 114|0x0000000087200000, 0x0000000087200000, 0x0000000087300000|  0%| F|  |TAMS 0x0000000087200000, 0x0000000087200000| Untracked 
| 115|0x0000000087300000, 0x0000000087300000, 0x0000000087400000|  0%| F|  |TAMS 0x0000000087300000, 0x0000000087300000| Untracked 
| 116|0x0000000087400000, 0x0000000087400000, 0x0000000087500000|  0%| F|  |TAMS 0x0000000087400000, 0x0000000087400000| Untracked 
| 117|0x0000000087500000, 0x0000000087500000, 0x0000000087600000|  0%| F|  |TAMS 0x0000000087500000, 0x0000000087500000| Untracked 
| 118|0x0000000087600000, 0x0000000087600000, 0x0000000087700000|  0%| F|  |TAMS 0x0000000087600000, 0x0000000087600000| Untracked 
| 119|0x0000000087700000, 0x0000000087700000, 0x0000000087800000|  0%| F|  |TAMS 0x0000000087700000, 0x0000000087700000| Untracked 
| 120|0x0000000087800000, 0x0000000087800000, 0x0000000087900000|  0%| F|  |TAMS 0x0000000087800000, 0x0000000087800000| Untracked 
| 121|0x0000000087900000, 0x0000000087900000, 0x0000000087a00000|  0%| F|  |TAMS 0x0000000087900000, 0x0000000087900000| Untracked 
| 122|0x0000000087a00000, 0x0000000087a00000, 0x0000000087b00000|  0%| F|  |TAMS 0x0000000087a00000, 0x0000000087a00000| Untracked 
| 123|0x0000000087b00000, 0x0000000087b00000, 0x0000000087c00000|  0%| F|  |TAMS 0x0000000087b00000, 0x0000000087b00000| Untracked 
| 124|0x0000000087c00000, 0x0000000087c00000, 0x0000000087d00000|  0%| F|  |TAMS 0x0000000087c00000, 0x0000000087c00000| Untracked 
| 125|0x0000000087d00000, 0x0000000087d00000, 0x0000000087e00000|  0%| F|  |TAMS 0x0000000087d00000, 0x0000000087d00000| Untracked 
| 126|0x0000000087e00000, 0x0000000087e00000, 0x0000000087f00000|  0%| F|  |TAMS 0x0000000087e00000, 0x0000000087e00000| Untracked 
| 127|0x0000000087f00000, 0x0000000087f00000, 0x0000000088000000|  0%| F|  |TAMS 0x0000000087f00000, 0x0000000087f00000| Untracked 
| 128|0x0000000088000000, 0x0000000088000000, 0x0000000088100000|  0%| F|  |TAMS 0x0000000088000000, 0x0000000088000000| Untracked 
| 129|0x0000000088100000, 0x0000000088100000, 0x0000000088200000|  0%| F|  |TAMS 0x0000000088100000, 0x0000000088100000| Untracked 
| 130|0x0000000088200000, 0x0000000088200000, 0x0000000088300000|  0%| F|  |TAMS 0x0000000088200000, 0x0000000088200000| Untracked 
| 131|0x0000000088300000, 0x00000000883cdca0, 0x0000000088400000| 80%| S|CS|TAMS 0x0000000088300000, 0x0000000088300000| Complete 
| 132|0x0000000088400000, 0x0000000088400000, 0x0000000088500000|  0%| F|  |TAMS 0x0000000088400000, 0x0000000088400000| Untracked 
| 133|0x0000000088500000, 0x0000000088500000, 0x0000000088600000|  0%| F|  |TAMS 0x0000000088500000, 0x0000000088500000| Untracked 
| 134|0x0000000088600000, 0x0000000088700000, 0x0000000088700000|100%| S|CS|TAMS 0x0000000088600000, 0x0000000088600000| Complete 
| 135|0x0000000088700000, 0x0000000088800000, 0x0000000088800000|100%| S|CS|TAMS 0x0000000088700000, 0x0000000088700000| Complete 
| 136|0x0000000088800000, 0x0000000088900000, 0x0000000088900000|100%| S|CS|TAMS 0x0000000088800000, 0x0000000088800000| Complete 
| 137|0x0000000088900000, 0x0000000088a00000, 0x0000000088a00000|100%| S|CS|TAMS 0x0000000088900000, 0x0000000088900000| Complete 
| 138|0x0000000088a00000, 0x0000000088b00000, 0x0000000088b00000|100%| S|CS|TAMS 0x0000000088a00000, 0x0000000088a00000| Complete 
| 139|0x0000000088b00000, 0x0000000088b00000, 0x0000000088c00000|  0%| F|  |TAMS 0x0000000088b00000, 0x0000000088b00000| Untracked 
| 140|0x0000000088c00000, 0x0000000088c00000, 0x0000000088d00000|  0%| F|  |TAMS 0x0000000088c00000, 0x0000000088c00000| Untracked 
| 141|0x0000000088d00000, 0x0000000088d00000, 0x0000000088e00000|  0%| F|  |TAMS 0x0000000088d00000, 0x0000000088d00000| Untracked 
| 142|0x0000000088e00000, 0x0000000088e00000, 0x0000000088f00000|  0%| F|  |TAMS 0x0000000088e00000, 0x0000000088e00000| Untracked 
| 143|0x0000000088f00000, 0x0000000088f00000, 0x0000000089000000|  0%| F|  |TAMS 0x0000000088f00000, 0x0000000088f00000| Untracked 
| 144|0x0000000089000000, 0x0000000089000000, 0x0000000089100000|  0%| F|  |TAMS 0x0000000089000000, 0x0000000089000000| Untracked 
| 145|0x0000000089100000, 0x0000000089100000, 0x0000000089200000|  0%| F|  |TAMS 0x0000000089100000, 0x0000000089100000| Untracked 
| 146|0x0000000089200000, 0x0000000089200000, 0x0000000089300000|  0%| F|  |TAMS 0x0000000089200000, 0x0000000089200000| Untracked 
| 147|0x0000000089300000, 0x0000000089300000, 0x0000000089400000|  0%| F|  |TAMS 0x0000000089300000, 0x0000000089300000| Untracked 
| 148|0x0000000089400000, 0x0000000089400000, 0x0000000089500000|  0%| F|  |TAMS 0x0000000089400000, 0x0000000089400000| Untracked 
| 149|0x0000000089500000, 0x0000000089500000, 0x0000000089600000|  0%| F|  |TAMS 0x0000000089500000, 0x0000000089500000| Untracked 
| 150|0x0000000089600000, 0x0000000089600000, 0x0000000089700000|  0%| F|  |TAMS 0x0000000089600000, 0x0000000089600000| Untracked 
| 151|0x0000000089700000, 0x0000000089700000, 0x0000000089800000|  0%| F|  |TAMS 0x0000000089700000, 0x0000000089700000| Untracked 
| 152|0x0000000089800000, 0x0000000089800000, 0x0000000089900000|  0%| F|  |TAMS 0x0000000089800000, 0x0000000089800000| Untracked 
| 153|0x0000000089900000, 0x0000000089900000, 0x0000000089a00000|  0%| F|  |TAMS 0x0000000089900000, 0x0000000089900000| Untracked 
| 154|0x0000000089a00000, 0x0000000089b00000, 0x0000000089b00000|100%| E|  |TAMS 0x0000000089a00000, 0x0000000089a00000| Complete 
| 155|0x0000000089b00000, 0x0000000089c00000, 0x0000000089c00000|100%| E|CS|TAMS 0x0000000089b00000, 0x0000000089b00000| Complete 
| 156|0x0000000089c00000, 0x0000000089d00000, 0x0000000089d00000|100%| E|CS|TAMS 0x0000000089c00000, 0x0000000089c00000| Complete 
| 157|0x0000000089d00000, 0x0000000089e00000, 0x0000000089e00000|100%| E|CS|TAMS 0x0000000089d00000, 0x0000000089d00000| Complete 
| 158|0x0000000089e00000, 0x0000000089f00000, 0x0000000089f00000|100%| E|CS|TAMS 0x0000000089e00000, 0x0000000089e00000| Complete 
| 159|0x0000000089f00000, 0x000000008a000000, 0x000000008a000000|100%| E|CS|TAMS 0x0000000089f00000, 0x0000000089f00000| Complete 
| 160|0x000000008a000000, 0x000000008a100000, 0x000000008a100000|100%| E|CS|TAMS 0x000000008a000000, 0x000000008a000000| Complete 
| 161|0x000000008a100000, 0x000000008a200000, 0x000000008a200000|100%| E|CS|TAMS 0x000000008a100000, 0x000000008a100000| Complete 
| 162|0x000000008a200000, 0x000000008a300000, 0x000000008a300000|100%| E|CS|TAMS 0x000000008a200000, 0x000000008a200000| Complete 
| 163|0x000000008a300000, 0x000000008a400000, 0x000000008a400000|100%| E|CS|TAMS 0x000000008a300000, 0x000000008a300000| Complete 
| 164|0x000000008a400000, 0x000000008a500000, 0x000000008a500000|100%| E|CS|TAMS 0x000000008a400000, 0x000000008a400000| Complete 
| 165|0x000000008a500000, 0x000000008a600000, 0x000000008a600000|100%| E|CS|TAMS 0x000000008a500000, 0x000000008a500000| Complete 
| 166|0x000000008a600000, 0x000000008a700000, 0x000000008a700000|100%| E|CS|TAMS 0x000000008a600000, 0x000000008a600000| Complete 
| 167|0x000000008a700000, 0x000000008a800000, 0x000000008a800000|100%| E|CS|TAMS 0x000000008a700000, 0x000000008a700000| Complete 
| 168|0x000000008a800000, 0x000000008a900000, 0x000000008a900000|100%| E|CS|TAMS 0x000000008a800000, 0x000000008a800000| Complete 
| 169|0x000000008a900000, 0x000000008aa00000, 0x000000008aa00000|100%| E|CS|TAMS 0x000000008a900000, 0x000000008a900000| Complete 
| 170|0x000000008aa00000, 0x000000008ab00000, 0x000000008ab00000|100%| E|CS|TAMS 0x000000008aa00000, 0x000000008aa00000| Complete 
| 171|0x000000008ab00000, 0x000000008ac00000, 0x000000008ac00000|100%| E|  |TAMS 0x000000008ab00000, 0x000000008ab00000| Complete 
| 172|0x000000008ac00000, 0x000000008ad00000, 0x000000008ad00000|100%| E|CS|TAMS 0x000000008ac00000, 0x000000008ac00000| Complete 
| 173|0x000000008ad00000, 0x000000008ae00000, 0x000000008ae00000|100%| E|CS|TAMS 0x000000008ad00000, 0x000000008ad00000| Complete 
| 174|0x000000008ae00000, 0x000000008af00000, 0x000000008af00000|100%| E|CS|TAMS 0x000000008ae00000, 0x000000008ae00000| Complete 
| 175|0x000000008af00000, 0x000000008b000000, 0x000000008b000000|100%| E|CS|TAMS 0x000000008af00000, 0x000000008af00000| Complete 
| 176|0x000000008b000000, 0x000000008b100000, 0x000000008b100000|100%| E|CS|TAMS 0x000000008b000000, 0x000000008b000000| Complete 
| 177|0x000000008b100000, 0x000000008b200000, 0x000000008b200000|100%| E|CS|TAMS 0x000000008b100000, 0x000000008b100000| Complete 
| 178|0x000000008b200000, 0x000000008b300000, 0x000000008b300000|100%| E|CS|TAMS 0x000000008b200000, 0x000000008b200000| Complete 
| 179|0x000000008b300000, 0x000000008b400000, 0x000000008b400000|100%| E|CS|TAMS 0x000000008b300000, 0x000000008b300000| Complete 
| 180|0x000000008b400000, 0x000000008b500000, 0x000000008b500000|100%| E|CS|TAMS 0x000000008b400000, 0x000000008b400000| Complete 
| 181|0x000000008b500000, 0x000000008b600000, 0x000000008b600000|100%| E|CS|TAMS 0x000000008b500000, 0x000000008b500000| Complete 
| 182|0x000000008b600000, 0x000000008b700000, 0x000000008b700000|100%| E|CS|TAMS 0x000000008b600000, 0x000000008b600000| Complete 
| 183|0x000000008b700000, 0x000000008b800000, 0x000000008b800000|100%| E|CS|TAMS 0x000000008b700000, 0x000000008b700000| Complete 
| 184|0x000000008b800000, 0x000000008b900000, 0x000000008b900000|100%| E|CS|TAMS 0x000000008b800000, 0x000000008b800000| Complete 
| 185|0x000000008b900000, 0x000000008ba00000, 0x000000008ba00000|100%| E|CS|TAMS 0x000000008b900000, 0x000000008b900000| Complete 
| 186|0x000000008ba00000, 0x000000008bb00000, 0x000000008bb00000|100%| E|CS|TAMS 0x000000008ba00000, 0x000000008ba00000| Complete 
| 187|0x000000008bb00000, 0x000000008bc00000, 0x000000008bc00000|100%| E|CS|TAMS 0x000000008bb00000, 0x000000008bb00000| Complete 
| 188|0x000000008bc00000, 0x000000008bd00000, 0x000000008bd00000|100%| E|CS|TAMS 0x000000008bc00000, 0x000000008bc00000| Complete 
| 189|0x000000008bd00000, 0x000000008be00000, 0x000000008be00000|100%| E|CS|TAMS 0x000000008bd00000, 0x000000008bd00000| Complete 
| 254|0x000000008fe00000, 0x000000008ff00000, 0x000000008ff00000|100%| E|CS|TAMS 0x000000008fe00000, 0x000000008fe00000| Complete 
| 255|0x000000008ff00000, 0x0000000090000000, 0x0000000090000000|100%| E|CS|TAMS 0x000000008ff00000, 0x000000008ff00000| Complete 

Card table byte_map: [0x000002c340e30000,0x000002c341230000] _byte_map_base: 0x000002c340a30000

Marking Bits (Prev, Next): (CMBitMap*) 0x000002c329f90250, (CMBitMap*) 0x000002c329f90290
 Prev Bits: [0x000002c341630000, 0x000002c343630000)
 Next Bits: [0x000002c343630000, 0x000002c345630000)

Polling page: 0x000002c3280c0000

Metaspace:

Usage:
  Non-class:     77.69 MB used.
      Class:     12.71 MB used.
       Both:     90.40 MB used.

Virtual space:
  Non-class space:      128.00 MB reserved,      78.19 MB ( 61%) committed,  2 nodes.
      Class space:      416.00 MB reserved,      13.12 MB (  3%) committed,  1 nodes.
             Both:      544.00 MB reserved,      91.31 MB ( 17%) committed. 

Chunk freelists:
   Non-Class:  1.16 MB
       Class:  2.77 MB
        Both:  3.92 MB

MaxMetaspaceSize: 512.00 MB
CompressedClassSpaceSize: 416.00 MB
Initial GC threshold: 21.00 MB
Current GC threshold: 114.69 MB
CDS: on
MetaspaceReclaimPolicy: balanced
 - commit_granule_bytes: 65536.
 - commit_granule_words: 8192.
 - virtual_space_node_default_size: 8388608.
 - enlarge_chunks_in_place: 1.
 - new_chunks_are_fully_committed: 0.
 - uncommit_free_chunks: 1.
 - use_allocation_guard: 0.
 - handle_deallocations: 1.


Internal statistics:

num_allocs_failed_limit: 9.
num_arena_births: 1244.
num_arena_deaths: 0.
num_vsnodes_births: 3.
num_vsnodes_deaths: 0.
num_space_committed: 1461.
num_space_uncommitted: 0.
num_chunks_returned_to_freelist: 9.
num_chunks_taken_from_freelist: 5316.
num_chunk_merges: 9.
num_chunk_splits: 3470.
num_chunks_enlarged: 2224.
num_inconsistent_stats: 0.

CodeHeap 'non-profiled nmethods': size=120000Kb used=6972Kb max_used=6972Kb free=113027Kb
 bounds [0x000002c339500000, 0x000002c339bd0000, 0x000002c340a30000]
CodeHeap 'profiled nmethods': size=120000Kb used=20858Kb max_used=20858Kb free=99141Kb
 bounds [0x000002c331a30000, 0x000002c332ea0000, 0x000002c338f60000]
CodeHeap 'non-nmethods': size=5760Kb used=2398Kb max_used=2496Kb free=3361Kb
 bounds [0x000002c338f60000, 0x000002c3391f0000, 0x000002c339500000]
 total_blobs=11579 nmethods=10645 adapters=846
 compilation: enabled
              stopped_count=0, restarted_count=0
 full_count=0

Compilation events (20 events):
Event: 31.291 Thread 0x000002c347b62bc0 12272       1       org.gradle.api.internal.artifacts.transform.DefaultTransformRegistrationFactory$DefaultTransformRegistration::getTransformStep (5 bytes)
Event: 31.291 Thread 0x000002c347b62bc0 nmethod 12272 0x000002c339bcc310 code [0x000002c339bcc4a0, 0x000002c339bcc578]
Event: 31.291 Thread 0x000002c347b62bc0 12280       3       java.util.BitSet::<init> (56 bytes)
Event: 31.292 Thread 0x000002c347b62bc0 nmethod 12280 0x000002c332e8c390 code [0x000002c332e8c5e0, 0x000002c332e8ce38]
Event: 31.295 Thread 0x000002c36a333c70 nmethod 12275 0x000002c339bcc610 code [0x000002c339bcc7a0, 0x000002c339bccdd8]
Event: 31.296 Thread 0x000002c36a333c70 12281   !   4       java.util.concurrent.FutureTask::run (123 bytes)
Event: 31.297 Thread 0x000002c347b5e5e0 nmethod 12251 0x000002c339bcd010 code [0x000002c339bcd220, 0x000002c339bce478]
Event: 31.297 Thread 0x000002c347b5e5e0 12282       4       org.gradle.internal.snapshot.PartialDirectoryNode::withIncompleteChildren (9 bytes)
Event: 31.298 Thread 0x000002c347b5e5e0 nmethod 12282 0x000002c339bcee10 code [0x000002c339bcefa0, 0x000002c339bcf078]
Event: 31.298 Thread 0x000002c347b5e5e0 12283       4       org.gradle.cache.internal.ExclusiveCacheAccessingWorker$1::call (10 bytes)
Event: 31.304 Thread 0x000002c347b62bc0 12286       3       org.gradle.internal.snapshot.VfsRelativePath::getAsString (12 bytes)
Event: 31.304 Thread 0x000002c347b62bc0 nmethod 12286 0x000002c332e8d190 code [0x000002c332e8d340, 0x000002c332e8d5e8]
Event: 31.311 Thread 0x000002c347b62bc0 12287       3       java.nio.charset.CharsetDecoder::reset (11 bytes)
Event: 31.311 Thread 0x000002c347b62bc0 nmethod 12287 0x000002c332e8d790 code [0x000002c332e8d920, 0x000002c332e8db18]
Event: 31.333 Thread 0x000002c347b62bc0 12288       3       sun.nio.cs.StreamDecoder::implRead (243 bytes)
Event: 31.333 Thread 0x000002c347b62bc0 nmethod 12288 0x000002c332e8dc10 code [0x000002c332e8dea0, 0x000002c332e8ed58]
Event: 31.339 Thread 0x000002c347b62bc0 12289       3       org.gradle.internal.snapshot.PathUtil::computeCombinedCompare (20 bytes)
Event: 31.339 Thread 0x000002c347b62bc0 nmethod 12289 0x000002c332e8f210 code [0x000002c332e8f3c0, 0x000002c332e8f5c8]
Event: 31.341 Thread 0x000002c347b62bc0 12290       3       org.gradle.internal.snapshot.AbstractIncompleteFileSystemNode::anyChildMatches (23 bytes)
Event: 31.341 Thread 0x000002c347b62bc0 nmethod 12290 0x000002c332e8f690 code [0x000002c332e8f8a0, 0x000002c332e8ff58]

GC Heap History (20 events):
Event: 26.132 GC heap before
{Heap before GC invocations=23 (full 0):
 garbage-first heap   total 163840K, used 128315K [0x0000000080000000, 0x0000000100000000)
  region size 1024K, 51 young (52224K), 4 survivors (4096K)
 Metaspace       used 69734K, committed 70464K, reserved 491520K
  class space    used 9885K, committed 10240K, reserved 425984K
}
Event: 26.136 GC heap after
{Heap after GC invocations=24 (full 0):
 garbage-first heap   total 163840K, used 81969K [0x0000000080000000, 0x0000000100000000)
  region size 1024K, 5 young (5120K), 5 survivors (5120K)
 Metaspace       used 69734K, committed 70464K, reserved 491520K
  class space    used 9885K, committed 10240K, reserved 425984K
}
Event: 26.508 GC heap before
{Heap before GC invocations=25 (full 0):
 garbage-first heap   total 163840K, used 131121K [0x0000000080000000, 0x0000000100000000)
  region size 1024K, 53 young (54272K), 5 survivors (5120K)
 Metaspace       used 69736K, committed 70464K, reserved 491520K
  class space    used 9886K, committed 10240K, reserved 425984K
}
Event: 26.513 GC heap after
{Heap after GC invocations=26 (full 0):
 garbage-first heap   total 163840K, used 82756K [0x0000000080000000, 0x0000000100000000)
  region size 1024K, 5 young (5120K), 5 survivors (5120K)
 Metaspace       used 69736K, committed 70464K, reserved 491520K
  class space    used 9886K, committed 10240K, reserved 425984K
}
Event: 26.529 GC heap before
{Heap before GC invocations=26 (full 0):
 garbage-first heap   total 163840K, used 84804K [0x0000000080000000, 0x0000000100000000)
  region size 1024K, 8 young (8192K), 5 survivors (5120K)
 Metaspace       used 69736K, committed 70464K, reserved 491520K
  class space    used 9886K, committed 10240K, reserved 425984K
}
Event: 26.533 GC heap after
{Heap after GC invocations=27 (full 0):
 garbage-first heap   total 196608K, used 82112K [0x0000000080000000, 0x0000000100000000)
  region size 1024K, 1 young (1024K), 1 survivors (1024K)
 Metaspace       used 69736K, committed 70464K, reserved 491520K
  class space    used 9886K, committed 10240K, reserved 425984K
}
Event: 27.760 GC heap before
{Heap before GC invocations=27 (full 0):
 garbage-first heap   total 196608K, used 161984K [0x0000000080000000, 0x0000000100000000)
  region size 1024K, 73 young (74752K), 1 survivors (1024K)
 Metaspace       used 74208K, committed 75072K, reserved 491520K
  class space    used 10399K, committed 10816K, reserved 425984K
}
Event: 27.764 GC heap after
{Heap after GC invocations=28 (full 0):
 garbage-first heap   total 196608K, used 97052K [0x0000000080000000, 0x0000000100000000)
  region size 1024K, 10 young (10240K), 10 survivors (10240K)
 Metaspace       used 74208K, committed 75072K, reserved 491520K
  class space    used 10399K, committed 10816K, reserved 425984K
}
Event: 28.498 GC heap before
{Heap before GC invocations=28 (full 0):
 garbage-first heap   total 196608K, used 163612K [0x0000000080000000, 0x0000000100000000)
  region size 1024K, 70 young (71680K), 10 survivors (10240K)
 Metaspace       used 78402K, committed 79232K, reserved 557056K
  class space    used 10927K, committed 11328K, reserved 425984K
}
Event: 28.505 GC heap after
{Heap after GC invocations=29 (full 0):
 garbage-first heap   total 196608K, used 103684K [0x0000000080000000, 0x0000000100000000)
  region size 1024K, 6 young (6144K), 6 survivors (6144K)
 Metaspace       used 78402K, committed 79232K, reserved 557056K
  class space    used 10927K, committed 11328K, reserved 425984K
}
Event: 29.019 GC heap before
{Heap before GC invocations=29 (full 0):
 garbage-first heap   total 196608K, used 160004K [0x0000000080000000, 0x0000000100000000)
  region size 1024K, 61 young (62464K), 6 survivors (6144K)
 Metaspace       used 82212K, committed 83072K, reserved 557056K
  class space    used 11443K, committed 11840K, reserved 425984K
}
Event: 29.024 GC heap after
{Heap after GC invocations=30 (full 0):
 garbage-first heap   total 196608K, used 105976K [0x0000000080000000, 0x0000000100000000)
  region size 1024K, 3 young (3072K), 3 survivors (3072K)
 Metaspace       used 82212K, committed 83072K, reserved 557056K
  class space    used 11443K, committed 11840K, reserved 425984K
}
Event: 29.450 GC heap before
{Heap before GC invocations=30 (full 0):
 garbage-first heap   total 196608K, used 162296K [0x0000000080000000, 0x0000000100000000)
  region size 1024K, 58 young (59392K), 3 survivors (3072K)
 Metaspace       used 83902K, committed 84800K, reserved 557056K
  class space    used 11669K, committed 12096K, reserved 425984K
}
Event: 29.456 GC heap after
{Heap after GC invocations=31 (full 0):
 garbage-first heap   total 196608K, used 109375K [0x0000000080000000, 0x0000000100000000)
  region size 1024K, 6 young (6144K), 6 survivors (6144K)
 Metaspace       used 83902K, committed 84800K, reserved 557056K
  class space    used 11669K, committed 12096K, reserved 425984K
}
Event: 29.969 GC heap before
{Heap before GC invocations=31 (full 0):
 garbage-first heap   total 196608K, used 162623K [0x0000000080000000, 0x0000000100000000)
  region size 1024K, 58 young (59392K), 6 survivors (6144K)
 Metaspace       used 86560K, committed 87488K, reserved 557056K
  class space    used 12027K, committed 12480K, reserved 425984K
}
Event: 29.976 GC heap after
{Heap after GC invocations=32 (full 0):
 garbage-first heap   total 196608K, used 111923K [0x0000000080000000, 0x0000000100000000)
  region size 1024K, 7 young (7168K), 7 survivors (7168K)
 Metaspace       used 86560K, committed 87488K, reserved 557056K
  class space    used 12027K, committed 12480K, reserved 425984K
}
Event: 30.561 GC heap before
{Heap before GC invocations=32 (full 0):
 garbage-first heap   total 196608K, used 163123K [0x0000000080000000, 0x0000000100000000)
  region size 1024K, 57 young (58368K), 7 survivors (7168K)
 Metaspace       used 89887K, committed 90752K, reserved 557056K
  class space    used 12660K, committed 13056K, reserved 425984K
}
Event: 30.568 GC heap after
{Heap after GC invocations=33 (full 0):
 garbage-first heap   total 196608K, used 113444K [0x0000000080000000, 0x0000000100000000)
  region size 1024K, 4 young (4096K), 4 survivors (4096K)
 Metaspace       used 89887K, committed 90752K, reserved 557056K
  class space    used 12660K, committed 13056K, reserved 425984K
}
Event: 31.174 GC heap before
{Heap before GC invocations=33 (full 0):
 garbage-first heap   total 196608K, used 165668K [0x0000000080000000, 0x0000000100000000)
  region size 1024K, 55 young (56320K), 4 survivors (4096K)
 Metaspace       used 92453K, committed 93376K, reserved 557056K
  class space    used 13007K, committed 13440K, reserved 425984K
}
Event: 31.181 GC heap after
{Heap after GC invocations=34 (full 0):
 garbage-first heap   total 196608K, used 117559K [0x0000000080000000, 0x0000000100000000)
  region size 1024K, 6 young (6144K), 6 survivors (6144K)
 Metaspace       used 92453K, committed 93376K, reserved 557056K
  class space    used 13007K, committed 13440K, reserved 425984K
}

Dll operation events (14 events):
Event: 0.007 Loaded shared library C:\Program Files\Microsoft\jdk-17.0.8.7-hotspot\bin\java.dll
Event: 0.024 Loaded shared library C:\Program Files\Microsoft\jdk-17.0.8.7-hotspot\bin\jsvml.dll
Event: 0.065 Loaded shared library C:\Program Files\Microsoft\jdk-17.0.8.7-hotspot\bin\zip.dll
Event: 0.067 Loaded shared library C:\Program Files\Microsoft\jdk-17.0.8.7-hotspot\bin\instrument.dll
Event: 0.069 Loaded shared library C:\Program Files\Microsoft\jdk-17.0.8.7-hotspot\bin\net.dll
Event: 0.071 Loaded shared library C:\Program Files\Microsoft\jdk-17.0.8.7-hotspot\bin\nio.dll
Event: 0.073 Loaded shared library C:\Program Files\Microsoft\jdk-17.0.8.7-hotspot\bin\zip.dll
Event: 0.330 Loaded shared library C:\Program Files\Microsoft\jdk-17.0.8.7-hotspot\bin\jimage.dll
Event: 0.428 Loaded shared library C:\Program Files\Microsoft\jdk-17.0.8.7-hotspot\bin\verify.dll
Event: 0.579 Loaded shared library C:\Users\pc\.gradle\native\c067742578af261105cb4f569cf0c3c89f3d7b1fecec35dd04571415982c5e48\windows-amd64\native-platform.dll
Event: 0.595 Loaded shared library C:\Users\pc\.gradle\native\100fb08df4bc3b14c8652ba06237920a3bd2aa13389f12d3474272988ae205f9\windows-amd64\native-platform-file-events.dll
Event: 1.699 Loaded shared library C:\Program Files\Microsoft\jdk-17.0.8.7-hotspot\bin\management.dll
Event: 1.701 Loaded shared library C:\Program Files\Microsoft\jdk-17.0.8.7-hotspot\bin\management_ext.dll
Event: 2.812 Loaded shared library C:\Program Files\Microsoft\jdk-17.0.8.7-hotspot\bin\sunmscapi.dll

Deoptimization events (20 events):
Event: 31.157 Thread 0x000002c367768be0 Uncommon trap: trap_request=0xffffffbe fr.pc=0x000002c339a0c9c4 relative=0x0000000000000284
Event: 31.157 Thread 0x000002c367768be0 Uncommon trap: reason=profile_predicate action=maybe_recompile pc=0x000002c339a0c9c4 method=java.util.Collections.indexedBinarySearch(Ljava/util/List;Ljava/lang/Object;Ljava/util/Comparator;)I @ 15 c2
Event: 31.158 Thread 0x000002c367768be0 DEOPT PACKING pc=0x000002c339a0c9c4 sp=0x000000d5304f8750
Event: 31.158 Thread 0x000002c367768be0 DEOPT UNPACKING pc=0x000002c338fb69a3 sp=0x000000d5304f8670 mode 2
Event: 31.160 Thread 0x000002c367768be0 Uncommon trap: trap_request=0xffffffbe fr.pc=0x000002c339a0c9c4 relative=0x0000000000000284
Event: 31.160 Thread 0x000002c367768be0 Uncommon trap: reason=profile_predicate action=maybe_recompile pc=0x000002c339a0c9c4 method=java.util.Collections.indexedBinarySearch(Ljava/util/List;Ljava/lang/Object;Ljava/util/Comparator;)I @ 15 c2
Event: 31.160 Thread 0x000002c367768be0 DEOPT PACKING pc=0x000002c339a0c9c4 sp=0x000000d5304f8750
Event: 31.161 Thread 0x000002c367768be0 DEOPT UNPACKING pc=0x000002c338fb69a3 sp=0x000000d5304f8670 mode 2
Event: 31.171 Thread 0x000002c367768be0 Uncommon trap: trap_request=0xffffffbe fr.pc=0x000002c339a0c9c4 relative=0x0000000000000284
Event: 31.171 Thread 0x000002c367768be0 Uncommon trap: reason=profile_predicate action=maybe_recompile pc=0x000002c339a0c9c4 method=java.util.Collections.indexedBinarySearch(Ljava/util/List;Ljava/lang/Object;Ljava/util/Comparator;)I @ 15 c2
Event: 31.171 Thread 0x000002c367768be0 DEOPT PACKING pc=0x000002c339a0c9c4 sp=0x000000d5304f8750
Event: 31.171 Thread 0x000002c367768be0 DEOPT UNPACKING pc=0x000002c338fb69a3 sp=0x000000d5304f8670 mode 2
Event: 31.217 Thread 0x000002c367768be0 Uncommon trap: trap_request=0xffffffbe fr.pc=0x000002c339a0c9c4 relative=0x0000000000000284
Event: 31.217 Thread 0x000002c367768be0 Uncommon trap: reason=profile_predicate action=maybe_recompile pc=0x000002c339a0c9c4 method=java.util.Collections.indexedBinarySearch(Ljava/util/List;Ljava/lang/Object;Ljava/util/Comparator;)I @ 15 c2
Event: 31.217 Thread 0x000002c367768be0 DEOPT PACKING pc=0x000002c339a0c9c4 sp=0x000000d5304f8750
Event: 31.217 Thread 0x000002c367768be0 DEOPT UNPACKING pc=0x000002c338fb69a3 sp=0x000000d5304f8670 mode 2
Event: 31.222 Thread 0x000002c367768be0 Uncommon trap: trap_request=0xffffffbe fr.pc=0x000002c339a0c0f8 relative=0x0000000000000238
Event: 31.222 Thread 0x000002c367768be0 Uncommon trap: reason=profile_predicate action=maybe_recompile pc=0x000002c339a0c0f8 method=java.util.Collections.indexedBinarySearch(Ljava/util/List;Ljava/lang/Object;Ljava/util/Comparator;)I @ 15 c2
Event: 31.222 Thread 0x000002c367768be0 DEOPT PACKING pc=0x000002c339a0c0f8 sp=0x000000d5304f86d0
Event: 31.222 Thread 0x000002c367768be0 DEOPT UNPACKING pc=0x000002c338fb69a3 sp=0x000000d5304f8670 mode 2

Classes unloaded (0 events):
No events

Classes redefined (0 events):
No events

Internal exceptions (20 events):
Event: 30.634 Thread 0x000002c367768be0 Exception <a 'java/lang/NoSuchMethodError'{0x000000008bafc1b8}: 'java.lang.Object java.lang.invoke.DirectMethodHandle$Holder.invokeSpecial(java.lang.Object, java.lang.Object, long, int, int, int, int, int, int, java.lang.Object, int, int, int, int, java.lang.Object)'> (0x000000008bafc1b8) 
thrown [s\src\hotspot\share\interpreter\linkResolver.cpp, line 759]
Event: 30.635 Thread 0x000002c367768be0 Exception <a 'java/lang/NoSuchMethodError'{0x000000008b902280}: 'java.lang.Object java.lang.invoke.DelegatingMethodHandle$Holder.reinvoke_L(java.lang.Object, long, int, int, int, int, int, int, java.lang.Object, int, int, int, int, java.lang.Object)'> (0x000000008b902280) 
thrown [s\src\hotspot\share\interpreter\linkResolver.cpp, line 759]
Event: 30.701 Thread 0x000002c367768be0 Exception <a 'java/lang/ClassNotFoundException'{0x000000008b3f2218}: com/android/build/gradle/internal/api/ApkVariantOutputImpl_DecoratedBeanInfo> (0x000000008b3f2218) 
thrown [s\src\hotspot\share\classfile\systemDictionary.cpp, line 256]
Event: 30.701 Thread 0x000002c367768be0 Exception <a 'java/lang/ClassNotFoundException'{0x000000008b2054b8}: com/android/build/gradle/internal/api/ApkVariantOutputImplBeanInfo> (0x000000008b2054b8) 
thrown [s\src\hotspot\share\classfile\systemDictionary.cpp, line 256]
Event: 30.702 Thread 0x000002c367768be0 Exception <a 'java/lang/ClassNotFoundException'{0x000000008b218250}: com/android/build/gradle/internal/api/BaseVariantOutputImplBeanInfo> (0x000000008b218250) 
thrown [s\src\hotspot\share\classfile\systemDictionary.cpp, line 256]
Event: 30.705 Thread 0x000002c367768be0 Exception <a 'java/lang/ClassNotFoundException'{0x000000008b22afc0}: com/android/build/gradle/internal/api/BaseVariantOutputImplCustomizer> (0x000000008b22afc0) 
thrown [s\src\hotspot\share\classfile\systemDictionary.cpp, line 256]
Event: 30.706 Thread 0x000002c367768be0 Exception <a 'java/lang/ClassNotFoundException'{0x000000008b250c28}: com/android/build/gradle/internal/api/ApkVariantOutputImplCustomizer> (0x000000008b250c28) 
thrown [s\src\hotspot\share\classfile\systemDictionary.cpp, line 256]
Event: 30.707 Thread 0x000002c367768be0 Exception <a 'java/lang/ClassNotFoundException'{0x000000008b2718e8}: com/android/build/gradle/internal/api/ApkVariantOutputImpl_DecoratedCustomizer> (0x000000008b2718e8) 
thrown [s\src\hotspot\share\classfile\systemDictionary.cpp, line 256]
Event: 30.771 Thread 0x000002c367768be0 Exception <a 'java/lang/ClassNotFoundException'{0x000000008aabc908}: com/android/build/gradle/internal/api/ReadOnlyBuildTypeBeanInfo> (0x000000008aabc908) 
thrown [s\src\hotspot\share\classfile\systemDictionary.cpp, line 256]
Event: 30.772 Thread 0x000002c367768be0 Exception <a 'java/lang/ClassNotFoundException'{0x000000008aacf620}: com/android/build/gradle/internal/api/ReadOnlyBaseConfigBeanInfo> (0x000000008aacf620) 
thrown [s\src\hotspot\share\classfile\systemDictionary.cpp, line 256]
Event: 30.772 Thread 0x000002c367768be0 Exception <a 'java/lang/ClassNotFoundException'{0x000000008aae2368}: com/android/build/gradle/internal/api/ReadOnlyBaseConfigCustomizer> (0x000000008aae2368) 
thrown [s\src\hotspot\share\classfile\systemDictionary.cpp, line 256]
Event: 30.773 Thread 0x000002c367768be0 Exception <a 'java/lang/ClassNotFoundException'{0x000000008a906170}: com/android/build/gradle/internal/api/ReadOnlyBuildTypeCustomizer> (0x000000008a906170) 
thrown [s\src\hotspot\share\classfile\systemDictionary.cpp, line 256]
Event: 31.010 Thread 0x000002c367768be0 Exception <a 'java/lang/ClassNotFoundException'{0x000000008974acd8}: build_15cx5565lrraula952mchybc9BeanInfo> (0x000000008974acd8) 
thrown [s\src\hotspot\share\classfile\systemDictionary.cpp, line 256]
Event: 31.010 Thread 0x000002c367768be0 Exception <a 'java/lang/ClassNotFoundException'{0x0000000089751fc0}: build_15cx5565lrraula952mchybc9Customizer> (0x0000000089751fc0) 
thrown [s\src\hotspot\share\classfile\systemDictionary.cpp, line 256]
Event: 31.026 Thread 0x000002c367768be0 Exception <a 'java/lang/ClassNotFoundException'{0x0000000089650e08}: groovy/lang/GString$1BeanInfo> (0x0000000089650e08) 
thrown [s\src\hotspot\share\classfile\systemDictionary.cpp, line 256]
Event: 31.026 Thread 0x000002c367768be0 Exception <a 'java/lang/ClassNotFoundException'{0x0000000089671c38}: groovy/lang/GStringBeanInfo> (0x0000000089671c38) 
thrown [s\src\hotspot\share\classfile\systemDictionary.cpp, line 256]
Event: 31.027 Thread 0x000002c367768be0 Exception <a 'java/lang/ClassNotFoundException'{0x0000000089692cb0}: groovy/lang/GStringCustomizer> (0x0000000089692cb0) 
thrown [s\src\hotspot\share\classfile\systemDictionary.cpp, line 256]
Event: 31.028 Thread 0x000002c367768be0 Exception <a 'java/lang/ClassNotFoundException'{0x00000000896be0a0}: groovy/lang/GString$1Customizer> (0x00000000896be0a0) 
thrown [s\src\hotspot\share\classfile\systemDictionary.cpp, line 256]
Event: 31.032 Thread 0x000002c367768be0 Exception <a 'java/lang/ClassNotFoundException'{0x0000000089399678}: org/codehaus/groovy/runtime/GStringImplBeanInfo> (0x0000000089399678) 
thrown [s\src\hotspot\share\classfile\systemDictionary.cpp, line 256]
Event: 31.035 Thread 0x000002c367768be0 Exception <a 'java/lang/ClassNotFoundException'{0x000000008917fc88}: org/codehaus/groovy/runtime/GStringImplCustomizer> (0x000000008917fc88) 
thrown [s\src\hotspot\share\classfile\systemDictionary.cpp, line 256]

VM Operations (20 events):
Event: 27.996 Executing VM operation: HandshakeAllThreads
Event: 27.996 Executing VM operation: HandshakeAllThreads done
Event: 28.498 Executing VM operation: G1CollectForAllocation
Event: 28.505 Executing VM operation: G1CollectForAllocation done
Event: 29.019 Executing VM operation: G1CollectForAllocation
Event: 29.024 Executing VM operation: G1CollectForAllocation done
Event: 29.450 Executing VM operation: G1CollectForAllocation
Event: 29.456 Executing VM operation: G1CollectForAllocation done
Event: 29.532 Executing VM operation: HandshakeAllThreads
Event: 29.532 Executing VM operation: HandshakeAllThreads done
Event: 29.665 Executing VM operation: HandshakeAllThreads
Event: 29.665 Executing VM operation: HandshakeAllThreads done
Event: 29.968 Executing VM operation: G1CollectForAllocation
Event: 29.976 Executing VM operation: G1CollectForAllocation done
Event: 30.561 Executing VM operation: G1CollectForAllocation
Event: 30.568 Executing VM operation: G1CollectForAllocation done
Event: 31.112 Executing VM operation: ICBufferFull
Event: 31.113 Executing VM operation: ICBufferFull done
Event: 31.174 Executing VM operation: G1CollectForAllocation
Event: 31.181 Executing VM operation: G1CollectForAllocation done

Events (20 events):
Event: 29.165 loading class org/xml/sax/DTDHandler done
Event: 29.175 loading class java/util/Spliterators$IntArraySpliterator
Event: 29.175 loading class java/util/Spliterators$IntArraySpliterator done
Event: 29.179 loading class java/text/ParsePosition
Event: 29.179 loading class java/text/ParsePosition done
Event: 29.185 loading class java/text/CharacterIterator
Event: 29.185 loading class java/text/CharacterIterator done
Event: 29.295 Thread 0x000002c36a333c70 Thread added: 0x000002c36a333c70
Event: 29.377 loading class java/beans/IntrospectionException
Event: 29.377 loading class java/beans/IntrospectionException done
Event: 29.528 loading class java/lang/StringBeanInfo
Event: 29.528 loading class java/lang/StringBeanInfo done
Event: 29.528 loading class java/lang/StringBeanInfo
Event: 29.528 loading class java/lang/StringBeanInfo done
Event: 29.529 loading class java/lang/StringCustomizer
Event: 29.529 loading class java/lang/StringCustomizer done
Event: 29.529 loading class java/lang/StringCustomizer
Event: 29.529 loading class java/lang/StringCustomizer done
Event: 29.950 loading class java/util/regex/Pattern$Caret
Event: 29.950 loading class java/util/regex/Pattern$Caret done


Dynamic libraries:
0x00007ff66aae0000 - 0x00007ff66aaee000 	C:\Program Files\Microsoft\jdk-17.0.8.7-hotspot\bin\java.exe
0x00007ffa3d8b0000 - 0x00007ffa3daa8000 	C:\Windows\SYSTEM32\ntdll.dll
0x00007ffa3d660000 - 0x00007ffa3d722000 	C:\Windows\System32\KERNEL32.DLL
0x00007ffa3b250000 - 0x00007ffa3b54e000 	C:\Windows\System32\KERNELBASE.dll
0x00007ffa3b120000 - 0x00007ffa3b220000 	C:\Windows\System32\ucrtbase.dll
0x00007ffa1bb60000 - 0x00007ffa1bb7b000 	C:\Program Files\Microsoft\jdk-17.0.8.7-hotspot\bin\VCRUNTIME140.dll
0x00007ffa20750000 - 0x00007ffa20767000 	C:\Program Files\Microsoft\jdk-17.0.8.7-hotspot\bin\jli.dll
0x00007ffa3c870000 - 0x00007ffa3ca0d000 	C:\Windows\System32\USER32.dll
0x00007ffa3b220000 - 0x00007ffa3b242000 	C:\Windows\System32\win32u.dll
0x00007ffa3a2b0000 - 0x00007ffa3a54a000 	C:\Windows\WinSxS\amd64_microsoft.windows.common-controls_6595b64144ccf1df_6.0.19041.4355_none_60b8b9eb71f62e16\COMCTL32.dll
0x00007ffa3d320000 - 0x00007ffa3d3be000 	C:\Windows\System32\msvcrt.dll
0x00007ffa3cf90000 - 0x00007ffa3cfbb000 	C:\Windows\System32\GDI32.dll
0x00007ffa3af50000 - 0x00007ffa3b067000 	C:\Windows\System32\gdi32full.dll
0x00007ffa3b610000 - 0x00007ffa3b6ad000 	C:\Windows\System32\msvcp_win.dll
0x00007ffa3c840000 - 0x00007ffa3c86f000 	C:\Windows\System32\IMM32.DLL
0x00007ffa3aad0000 - 0x00007ffa3aadc000 	C:\Program Files\Microsoft\jdk-17.0.8.7-hotspot\bin\vcruntime140_1.dll
0x00007ffa17ec0000 - 0x00007ffa17f4d000 	C:\Program Files\Microsoft\jdk-17.0.8.7-hotspot\bin\msvcp140.dll
0x00007ff9db2e0000 - 0x00007ff9dbf45000 	C:\Program Files\Microsoft\jdk-17.0.8.7-hotspot\bin\server\jvm.dll
0x00007ffa3cae0000 - 0x00007ffa3cb92000 	C:\Windows\System32\ADVAPI32.dll
0x00007ffa3cba0000 - 0x00007ffa3cc40000 	C:\Windows\System32\sechost.dll
0x00007ffa3be70000 - 0x00007ffa3bf93000 	C:\Windows\System32\RPCRT4.dll
0x00007ffa3b810000 - 0x00007ffa3b837000 	C:\Windows\System32\bcrypt.dll
0x00007ffa3ac90000 - 0x00007ffa3acdb000 	C:\Windows\SYSTEM32\POWRPROF.dll
0x00007ffa38070000 - 0x00007ffa38079000 	C:\Windows\SYSTEM32\WSOCK32.dll
0x00007ffa33920000 - 0x00007ffa33947000 	C:\Windows\SYSTEM32\WINMM.dll
0x00007ffa3d5f0000 - 0x00007ffa3d65b000 	C:\Windows\System32\WS2_32.dll
0x00007ffa35a30000 - 0x00007ffa35a3a000 	C:\Windows\SYSTEM32\VERSION.dll
0x00007ffa3ac70000 - 0x00007ffa3ac82000 	C:\Windows\SYSTEM32\UMPDC.dll
0x00007ffa38770000 - 0x00007ffa38782000 	C:\Windows\SYSTEM32\kernel.appcore.dll
0x00007ffa2fde0000 - 0x00007ffa2fdea000 	C:\Program Files\Microsoft\jdk-17.0.8.7-hotspot\bin\jimage.dll
0x00007ffa3a8b0000 - 0x00007ffa3aa94000 	C:\Windows\SYSTEM32\DBGHELP.DLL
0x00007ffa3a6c0000 - 0x00007ffa3a6f4000 	C:\Windows\SYSTEM32\dbgcore.DLL
0x00007ffa3b840000 - 0x00007ffa3b8c2000 	C:\Windows\System32\bcryptPrimitives.dll
0x00007ffa1b4d0000 - 0x00007ffa1b4de000 	C:\Program Files\Microsoft\jdk-17.0.8.7-hotspot\bin\instrument.dll
0x00007ffa1b890000 - 0x00007ffa1b8b5000 	C:\Program Files\Microsoft\jdk-17.0.8.7-hotspot\bin\java.dll
0x00007ffa166b0000 - 0x00007ffa16787000 	C:\Program Files\Microsoft\jdk-17.0.8.7-hotspot\bin\jsvml.dll
0x00007ffa3bfa0000 - 0x00007ffa3c70f000 	C:\Windows\System32\SHELL32.dll
0x00007ffa38970000 - 0x00007ffa39114000 	C:\Windows\SYSTEM32\windows.storage.dll
0x00007ffa3cfc0000 - 0x00007ffa3d313000 	C:\Windows\System32\combase.dll
0x00007ffa3a210000 - 0x00007ffa3a23e000 	C:\Windows\SYSTEM32\Wldp.dll
0x00007ffa3ca10000 - 0x00007ffa3cadd000 	C:\Windows\System32\OLEAUT32.dll
0x00007ffa3c710000 - 0x00007ffa3c7bd000 	C:\Windows\System32\SHCORE.dll
0x00007ffa3b930000 - 0x00007ffa3b985000 	C:\Windows\System32\shlwapi.dll
0x00007ffa3ae80000 - 0x00007ffa3aea4000 	C:\Windows\SYSTEM32\profapi.dll
0x00007ffa1b7e0000 - 0x00007ffa1b7f8000 	C:\Program Files\Microsoft\jdk-17.0.8.7-hotspot\bin\zip.dll
0x00007ffa1b870000 - 0x00007ffa1b889000 	C:\Program Files\Microsoft\jdk-17.0.8.7-hotspot\bin\net.dll
0x00007ffa34510000 - 0x00007ffa3461d000 	C:\Windows\SYSTEM32\WINHTTP.dll
0x00007ffa39f20000 - 0x00007ffa39f8a000 	C:\Windows\system32\mswsock.dll
0x00007ffa1b800000 - 0x00007ffa1b816000 	C:\Program Files\Microsoft\jdk-17.0.8.7-hotspot\bin\nio.dll
0x00007ffa202a0000 - 0x00007ffa202b0000 	C:\Program Files\Microsoft\jdk-17.0.8.7-hotspot\bin\verify.dll
0x00007ffa1b7b0000 - 0x00007ffa1b7d7000 	C:\Users\pc\.gradle\native\c067742578af261105cb4f569cf0c3c89f3d7b1fecec35dd04571415982c5e48\windows-amd64\native-platform.dll
0x00007ff9fb5a0000 - 0x00007ff9fb6e4000 	C:\Users\pc\.gradle\native\100fb08df4bc3b14c8652ba06237920a3bd2aa13389f12d3474272988ae205f9\windows-amd64\native-platform-file-events.dll
0x00007ffa1b860000 - 0x00007ffa1b869000 	C:\Program Files\Microsoft\jdk-17.0.8.7-hotspot\bin\management.dll
0x00007ffa1b4e0000 - 0x00007ffa1b4eb000 	C:\Program Files\Microsoft\jdk-17.0.8.7-hotspot\bin\management_ext.dll
0x00007ffa3cc40000 - 0x00007ffa3cc48000 	C:\Windows\System32\PSAPI.DLL
0x00007ffa3ac50000 - 0x00007ffa3ac68000 	C:\Windows\SYSTEM32\CRYPTSP.dll
0x00007ffa398e0000 - 0x00007ffa39914000 	C:\Windows\system32\rsaenh.dll
0x00007ffa3ae40000 - 0x00007ffa3ae6e000 	C:\Windows\SYSTEM32\USERENV.dll
0x00007ffa3a1b0000 - 0x00007ffa3a1bc000 	C:\Windows\SYSTEM32\CRYPTBASE.dll
0x00007ffa39c40000 - 0x00007ffa39c7b000 	C:\Windows\SYSTEM32\IPHLPAPI.DLL
0x00007ffa3cd70000 - 0x00007ffa3cd78000 	C:\Windows\System32\NSI.dll
0x00007ffa354d0000 - 0x00007ffa354e7000 	C:\Windows\SYSTEM32\dhcpcsvc6.DLL
0x00007ffa35490000 - 0x00007ffa354ad000 	C:\Windows\SYSTEM32\dhcpcsvc.DLL
0x00007ffa39c80000 - 0x00007ffa39d4a000 	C:\Windows\SYSTEM32\DNSAPI.dll
0x00007ffa1b4c0000 - 0x00007ffa1b4ce000 	C:\Program Files\Microsoft\jdk-17.0.8.7-hotspot\bin\sunmscapi.dll
0x00007ffa3b6b0000 - 0x00007ffa3b80c000 	C:\Windows\System32\CRYPT32.dll
0x00007ffa3a280000 - 0x00007ffa3a2a7000 	C:\Windows\SYSTEM32\ncrypt.dll
0x00007ffa3a240000 - 0x00007ffa3a27b000 	C:\Windows\SYSTEM32\NTASN1.dll
0x00007ffa1b4b0000 - 0x00007ffa1b4b7000 	C:\Windows\system32\wshunix.dll
0x00007ffa16210000 - 0x00007ffa16227000 	C:\Windows\system32\napinsp.dll
0x00007ffa15870000 - 0x00007ffa1588b000 	C:\Windows\system32\pnrpnsp.dll
0x00007ffa1a2e0000 - 0x00007ffa1a2f5000 	C:\Windows\system32\wshbth.dll
0x00007ffa371b0000 - 0x00007ffa371cd000 	C:\Windows\system32\NLAapi.dll
0x00007ffa14e30000 - 0x00007ffa14e42000 	C:\Windows\System32\winrnr.dll
0x00007ffa30140000 - 0x00007ffa3014a000 	C:\Windows\System32\rasadhlp.dll
0x00007ffa32700000 - 0x00007ffa32780000 	C:\Windows\System32\fwpuclnt.dll

dbghelp: loaded successfully - version: 4.0.5 - missing functions: none
symbol engine: initialized successfully - sym options: 0x614 - pdb path: .;C:\Program Files\Microsoft\jdk-17.0.8.7-hotspot\bin;C:\Windows\SYSTEM32;C:\Windows\WinSxS\amd64_microsoft.windows.common-controls_6595b64144ccf1df_6.0.19041.4355_none_60b8b9eb71f62e16;C:\Program Files\Microsoft\jdk-17.0.8.7-hotspot\bin\server;C:\Users\pc\.gradle\native\c067742578af261105cb4f569cf0c3c89f3d7b1fecec35dd04571415982c5e48\windows-amd64;C:\Users\pc\.gradle\native\100fb08df4bc3b14c8652ba06237920a3bd2aa13389f12d3474272988ae205f9\windows-amd64

VM Arguments:
jvm_args: -XX:MaxMetaspaceSize=512m --add-opens=java.base/java.util=ALL-UNNAMED --add-opens=java.base/java.lang=ALL-UNNAMED --add-opens=java.base/java.lang.invoke=ALL-UNNAMED --add-opens=java.prefs/java.util.prefs=ALL-UNNAMED --add-opens=java.base/java.nio.charset=ALL-UNNAMED --add-opens=java.base/java.net=ALL-UNNAMED --add-opens=java.base/java.util.concurrent.atomic=ALL-UNNAMED -Xmx2048m -Dfile.encoding=windows-1252 -Duser.country=US -Duser.language=en -Duser.variant -javaagent:C:\Users\pc\.gradle\wrapper\dists\gradle-8.8-all\6gdy1pgp427xkqcjbxw3ylt6h\gradle-8.8\lib\agents\gradle-instrumentation-agent-8.8.jar 
java_command: org.gradle.launcher.daemon.bootstrap.GradleDaemon 8.8
java_class_path (initial): C:\Users\pc\.gradle\wrapper\dists\gradle-8.8-all\6gdy1pgp427xkqcjbxw3ylt6h\gradle-8.8\lib\gradle-launcher-8.8.jar
Launcher Type: SUN_STANDARD

[Global flags]
     intx CICompilerCount                          = 3                                         {product} {ergonomic}
   size_t CompressedClassSpaceSize                 = 436207616                                 {product} {ergonomic}
     uint ConcGCThreads                            = 1                                         {product} {ergonomic}
     uint G1ConcRefinementThreads                  = 4                                         {product} {ergonomic}
   size_t G1HeapRegionSize                         = 1048576                                   {product} {ergonomic}
    uintx GCDrainStackTargetSize                   = 64                                        {product} {ergonomic}
   size_t InitialHeapSize                          = 268435456                                 {product} {ergonomic}
   size_t MarkStackSize                            = 4194304                                   {product} {ergonomic}
   size_t MaxHeapSize                              = 2147483648                                {product} {command line}
   size_t MaxMetaspaceSize                         = 536870912                                 {product} {command line}
   size_t MaxNewSize                               = 1287651328                                {product} {ergonomic}
   size_t MinHeapDeltaBytes                        = 1048576                                   {product} {ergonomic}
   size_t MinHeapSize                              = 8388608                                   {product} {ergonomic}
    uintx NonNMethodCodeHeapSize                   = 5832780                                {pd product} {ergonomic}
    uintx NonProfiledCodeHeapSize                  = 122912730                              {pd product} {ergonomic}
    uintx ProfiledCodeHeapSize                     = 122912730                              {pd product} {ergonomic}
    uintx ReservedCodeCacheSize                    = 251658240                              {pd product} {ergonomic}
     bool SegmentedCodeCache                       = true                                      {product} {ergonomic}
   size_t SoftMaxHeapSize                          = 2147483648                             {manageable} {ergonomic}
     bool UseCompressedClassPointers               = true                           {product lp64_product} {ergonomic}
     bool UseCompressedOops                        = true                           {product lp64_product} {ergonomic}
     bool UseG1GC                                  = true                                      {product} {ergonomic}
     bool UseLargePagesIndividualAllocation        = false                                  {pd product} {ergonomic}

Logging:
Log output configuration:
 #0: stdout all=warning uptime,level,tags
 #1: stderr all=off uptime,level,tags

Environment Variables:
JAVA_HOME=C:\Program Files\Microsoft\jdk-17.0.8.7-hotspot\
CLASSPATH=D:\Apps\OBDApp\android\\gradle\wrapper\gradle-wrapper.jar
PATH=D:\Apps\OBDApp\node_modules\.bin;D:\Apps\OBDApp\node_modules\.bin;D:\Apps\node_modules\.bin;D:\node_modules\.bin;C:\Program Files\nodejs\node_modules\npm\node_modules\@npmcli\run-script\lib\node-gyp-bin;C:\Program Files\Microsoft\jdk-17.0.8.7-hotspot\bin;C:\Windows\system32;C:\Windows;C:\Windows\System32\Wbem;C:\Windows\System32\WindowsPowerShell\v1.0\;C:\Windows\System32\OpenSSH\;C:\ProgramData\chocolatey\bin;C:\Program Files\nodejs\;C:\Program Files\Git\cmd;%LOCALAPPDATA%\Android\Sdk\platform-tools;C:\gradle\bin;C:\Users\pc\AppData\Local\Android\Sdk\tools;C:\Users\pc\AppData\Local\Android\Sdk\tools;C:\Users\pc\AppData\Local\Microsoft\WindowsApps;C:\Users\pc\AppData\Local\Programs\Microsoft VS Code\bin;C:\Users\pc\AppData\Roaming\npm;C:\Users\pc\AppData\Local\Android\Sdk\platform-tools;C:\Program Files\heroku\bin
USERNAME=pc
LANG=en_US.UTF-8
OS=Windows_NT
PROCESSOR_IDENTIFIER=Intel64 Family 6 Model 94 Stepping 3, GenuineIntel
TMP=C:\Users\pc\AppData\Local\Temp
TEMP=C:\Users\pc\AppData\Local\Temp



---------------  S Y S T E M  ---------------

OS:
 Windows 10 , 64 bit Build 19041 (10.0.19041.4957)
OS uptime: 0 days 23:04 hours

CPU: total 4 (initial active 4) (4 cores per cpu, 1 threads per core) family 6 model 94 stepping 3 microcode 0xf0, cx8, cmov, fxsr, mmx, 3dnowpref, sse, sse2, sse3, ssse3, sse4.1, sse4.2, popcnt, lzcnt, tsc, tscinvbit, avx, avx2, aes, erms, clmul, bmi1, bmi2, rtm, adx, fma, vzeroupper, clflush, clflushopt
Processor Information for all 4 processors :
  Max Mhz: 3312, Current Mhz: 3312, Mhz Limit: 3312

Memory: 4k page, system-wide physical 16275M (1965M free)
TotalPageFile size 26515M (AvailPageFile size 3960M)
current process WorkingSet (physical memory assigned to process): 455M, peak: 466M
current process commit charge ("private bytes"): 489M, peak: 502M

vm_info: OpenJDK 64-Bit Server VM (17.0.8+7-LTS) for windows-amd64 JRE (17.0.8+7-LTS), built on Jul  7 2023 17:21:55 by "MicrosoftCorporation" with MS VC++ 16.10 / 16.11 (VS2019)

END.
